[    0.000000] microcode: microcode updated early to revision 0xf0, date = 2021-11-12
[    0.000000] Linux version 4.20.17-042017-generic (kernel@tangerine) (gcc version 8.3.0 (Ubuntu 8.3.0-3ubuntu1)) #201903190933 SMP Tue Mar 19 13:36:11 UTC 2019
[    0.000000] Command line: BOOT_IMAGE=/boot/vmlinuz-4.20.17-042017-generic root=UUID=058252c1-9cec-4d3f-b91c-57de25baf814 ro quiet splash vt.handoff=1
[    0.000000] KERNEL supported cpus:
[    0.000000]   Intel GenuineIntel
[    0.000000]   AMD AuthenticAMD
[    0.000000]   Hygon HygonGenuine
[    0.000000]   Centaur CentaurHauls
[    0.000000] x86/fpu: Supporting XSAVE feature 0x001: 'x87 floating point registers'
[    0.000000] x86/fpu: Supporting XSAVE feature 0x002: 'SSE registers'
[    0.000000] x86/fpu: Supporting XSAVE feature 0x004: 'AVX registers'
[    0.000000] x86/fpu: Supporting XSAVE feature 0x008: 'MPX bounds registers'
[    0.000000] x86/fpu: Supporting XSAVE feature 0x010: 'MPX CSR'
[    0.000000] x86/fpu: xstate_offset[2]:  576, xstate_sizes[2]:  256
[    0.000000] x86/fpu: xstate_offset[3]:  832, xstate_sizes[3]:   64
[    0.000000] x86/fpu: xstate_offset[4]:  896, xstate_sizes[4]:   64
[    0.000000] x86/fpu: Enabled xstate features 0x1f, context size is 960 bytes, using 'compacted' format.
[    0.000000] BIOS-provided physical RAM map:
[    0.000000] BIOS-e820: [mem 0x0000000000000000-0x0000000000057fff] usable
[    0.000000] BIOS-e820: [mem 0x0000000000058000-0x0000000000058fff] reserved
[    0.000000] BIOS-e820: [mem 0x0000000000059000-0x000000000009dfff] usable
[    0.000000] BIOS-e820: [mem 0x000000000009e000-0x000000000009ffff] reserved
[    0.000000] BIOS-e820: [mem 0x0000000000100000-0x0000000037fd8fff] usable
[    0.000000] BIOS-e820: [mem 0x0000000037fd9000-0x0000000037fd9fff] ACPI NVS
[    0.000000] BIOS-e820: [mem 0x0000000037fda000-0x0000000038023fff] reserved
[    0.000000] BIOS-e820: [mem 0x0000000038024000-0x000000003e795fff] usable
[    0.000000] BIOS-e820: [mem 0x000000003e796000-0x000000003f0f2fff] reserved
[    0.000000] BIOS-e820: [mem 0x000000003f0f3000-0x000000003f22dfff] usable
[    0.000000] BIOS-e820: [mem 0x000000003f22e000-0x000000003f696fff] ACPI NVS
[    0.000000] BIOS-e820: [mem 0x000000003f697000-0x000000003fafefff] reserved
[    0.000000] BIOS-e820: [mem 0x000000003faff000-0x000000003fafffff] usable
[    0.000000] BIOS-e820: [mem 0x000000003fb00000-0x000000003fbfffff] reserved
[    0.000000] BIOS-e820: [mem 0x00000000e0000000-0x00000000efffffff] reserved
[    0.000000] BIOS-e820: [mem 0x00000000fe000000-0x00000000fe010fff] reserved
[    0.000000] BIOS-e820: [mem 0x00000000fec00000-0x00000000fec00fff] reserved
[    0.000000] BIOS-e820: [mem 0x00000000fee00000-0x00000000fee00fff] reserved
[    0.000000] BIOS-e820: [mem 0x00000000ff000000-0x00000000ffffffff] reserved
[    0.000000] BIOS-e820: [mem 0x0000000100000000-0x00000010beffffff] usable
[    0.000000] NX (Execute Disable) protection: active
[    0.000000] e820: update [mem 0x3467e018-0x346b7257] usable ==> usable
[    0.000000] e820: update [mem 0x3467e018-0x346b7257] usable ==> usable
[    0.000000] e820: update [mem 0x34644018-0x3467d257] usable ==> usable
[    0.000000] e820: update [mem 0x34644018-0x3467d257] usable ==> usable
[    0.000000] e820: update [mem 0x34637018-0x34643057] usable ==> usable
[    0.000000] e820: update [mem 0x34637018-0x34643057] usable ==> usable
[    0.000000] e820: update [mem 0x3462a018-0x34636057] usable ==> usable
[    0.000000] e820: update [mem 0x3462a018-0x34636057] usable ==> usable
[    0.000000] e820: update [mem 0x34622018-0x34629e57] usable ==> usable
[    0.000000] e820: update [mem 0x34622018-0x34629e57] usable ==> usable
[    0.000000] e820: update [mem 0x3461a018-0x34621e57] usable ==> usable
[    0.000000] e820: update [mem 0x3461a018-0x34621e57] usable ==> usable
[    0.000000] extended physical RAM map:
[    0.000000] reserve setup_data: [mem 0x0000000000000000-0x0000000000057fff] usable
[    0.000000] reserve setup_data: [mem 0x0000000000058000-0x0000000000058fff] reserved
[    0.000000] reserve setup_data: [mem 0x0000000000059000-0x000000000009dfff] usable
[    0.000000] reserve setup_data: [mem 0x000000000009e000-0x000000000009ffff] reserved
[    0.000000] reserve setup_data: [mem 0x0000000000100000-0x000000003461a017] usable
[    0.000000] reserve setup_data: [mem 0x000000003461a018-0x0000000034621e57] usable
[    0.000000] reserve setup_data: [mem 0x0000000034621e58-0x0000000034622017] usable
[    0.000000] reserve setup_data: [mem 0x0000000034622018-0x0000000034629e57] usable
[    0.000000] reserve setup_data: [mem 0x0000000034629e58-0x000000003462a017] usable
[    0.000000] reserve setup_data: [mem 0x000000003462a018-0x0000000034636057] usable
[    0.000000] reserve setup_data: [mem 0x0000000034636058-0x0000000034637017] usable
[    0.000000] reserve setup_data: [mem 0x0000000034637018-0x0000000034643057] usable
[    0.000000] reserve setup_data: [mem 0x0000000034643058-0x0000000034644017] usable
[    0.000000] reserve setup_data: [mem 0x0000000034644018-0x000000003467d257] usable
[    0.000000] reserve setup_data: [mem 0x000000003467d258-0x000000003467e017] usable
[    0.000000] reserve setup_data: [mem 0x000000003467e018-0x00000000346b7257] usable
[    0.000000] reserve setup_data: [mem 0x00000000346b7258-0x0000000037fd8fff] usable
[    0.000000] reserve setup_data: [mem 0x0000000037fd9000-0x0000000037fd9fff] ACPI NVS
[    0.000000] reserve setup_data: [mem 0x0000000037fda000-0x0000000038023fff] reserved
[    0.000000] reserve setup_data: [mem 0x0000000038024000-0x000000003e795fff] usable
[    0.000000] reserve setup_data: [mem 0x000000003e796000-0x000000003f0f2fff] reserved
[    0.000000] reserve setup_data: [mem 0x000000003f0f3000-0x000000003f22dfff] usable
[    0.000000] reserve setup_data: [mem 0x000000003f22e000-0x000000003f696fff] ACPI NVS
[    0.000000] reserve setup_data: [mem 0x000000003f697000-0x000000003fafefff] reserved
[    0.000000] reserve setup_data: [mem 0x000000003faff000-0x000000003fafffff] usable
[    0.000000] reserve setup_data: [mem 0x000000003fb00000-0x000000003fbfffff] reserved
[    0.000000] reserve setup_data: [mem 0x00000000e0000000-0x00000000efffffff] reserved
[    0.000000] reserve setup_data: [mem 0x00000000fe000000-0x00000000fe010fff] reserved
[    0.000000] reserve setup_data: [mem 0x00000000fec00000-0x00000000fec00fff] reserved
[    0.000000] reserve setup_data: [mem 0x00000000fee00000-0x00000000fee00fff] reserved
[    0.000000] reserve setup_data: [mem 0x00000000ff000000-0x00000000ffffffff] reserved
[    0.000000] reserve setup_data: [mem 0x0000000100000000-0x00000010beffffff] usable
[    0.000000] efi: EFI v2.40 by American Megatrends
[    0.000000] efi:  ESRT=0x3f9dbf98  ACPI=0x3f647000  ACPI 2.0=0x3f647000  SMBIOS=0x3f9da000  SMBIOS 3.0=0x3f9d9000  TPMEventLog=0x346b8018 
[    0.000000] SMBIOS 3.0.0 present.
[    0.000000] DMI: Notebook                         P870DM2_DM3                     /P870DM2_DM3                     , BIOS 5.11 09/23/2016
[    0.000000] tsc: Detected 4000.000 MHz processor
[    0.004933] tsc: Detected 4008.000 MHz TSC
[    0.004933] e820: update [mem 0x00000000-0x00000fff] usable ==> reserved
[    0.004934] e820: remove [mem 0x000a0000-0x000fffff] usable
[    0.004941] last_pfn = 0x10bf000 max_arch_pfn = 0x400000000
[    0.005033] MTRR default type: write-back
[    0.005034] MTRR fixed ranges enabled:
[    0.005035]   00000-9FFFF write-back
[    0.005035]   A0000-BFFFF uncachable
[    0.005035]   C0000-FFFFF write-protect
[    0.005036] MTRR variable ranges enabled:
[    0.005037]   0 base 0080000000 mask 7F80000000 uncachable
[    0.005037]   1 base 0040000000 mask 7FC0000000 uncachable
[    0.005038]   2 base 2000000000 mask 7000000000 uncachable
[    0.005038]   3 disabled
[    0.005038]   4 disabled
[    0.005039]   5 disabled
[    0.005039]   6 disabled
[    0.005039]   7 disabled
[    0.005039]   8 disabled
[    0.005040]   9 disabled
[    0.005714] x86/PAT: Configuration [0-7]: WB  WC  UC- UC  WB  WP  UC- WT  
[    0.005825] last_pfn = 0x3fb00 max_arch_pfn = 0x400000000
[    0.045003] esrt: Reserving ESRT space from 0x000000003f9dbf98 to 0x000000003f9dbfd0.
[    0.045008] check: Scanning 1 areas for low memory corruption
[    0.045010] Base memory trampoline at [(____ptrval____)] 98000 size 24576
[    0.045014] Using GB pages for direct mapping
[    0.045015] BRK [0x72d401000, 0x72d401fff] PGTABLE
[    0.045016] BRK [0x72d402000, 0x72d402fff] PGTABLE
[    0.045017] BRK [0x72d403000, 0x72d403fff] PGTABLE
[    0.045056] BRK [0x72d404000, 0x72d404fff] PGTABLE
[    0.045058] BRK [0x72d405000, 0x72d405fff] PGTABLE
[    0.045210] BRK [0x72d406000, 0x72d406fff] PGTABLE
[    0.045243] BRK [0x72d407000, 0x72d407fff] PGTABLE
[    0.045296] BRK [0x72d408000, 0x72d408fff] PGTABLE
[    0.045332] BRK [0x72d409000, 0x72d409fff] PGTABLE
[    0.045334] BRK [0x72d40a000, 0x72d40afff] PGTABLE
[    0.045391] BRK [0x72d40b000, 0x72d40bfff] PGTABLE
[    0.045459] Secure boot disabled
[    0.045460] RAMDISK: [mem 0x346c0000-0x36e46fff]
[    0.045466] ACPI: Early table checksum verification disabled
[    0.045469] ACPI: RSDP 0x000000003F647000 000024 (v02 ALASKA)
[    0.045471] ACPI: XSDT 0x000000003F647098 0000B4 (v01 ALASKA A M I    01072009 AMI  00010013)
[    0.045474] ACPI: FACP 0x000000003F661DA0 00010C (v05 ALASKA A M I    01072009 AMI  00010013)
[    0.045477] ACPI: DSDT 0x000000003F6471E8 01ABB5 (v02 ALASKA A M I    01072009 INTL 20120913)
[    0.045479] ACPI: FACS 0x000000003F67EF80 000040
[    0.045480] ACPI: APIC 0x000000003F661EB0 0000BC (v03 ALASKA A M I    01072009 AMI  00010013)
[    0.045482] ACPI: FPDT 0x000000003F661F70 000044 (v01 ALASKA A M I    01072009 AMI  00010013)
[    0.045483] ACPI: FIDT 0x000000003F661FB8 00009C (v01 ALASKA A M I    01072009 AMI  00010013)
[    0.045485] ACPI: MCFG 0x000000003F662058 00003C (v01 ALASKA A M I    01072009 MSFT 00000097)
[    0.045486] ACPI: HPET 0x000000003F662098 000038 (v01 ALASKA A M I    01072009 AMI. 0005000B)
[    0.045487] ACPI: SSDT 0x000000003F6620D0 001AC5 (v01 NvdRef NvdTabl  00001000 INTL 20120913)
[    0.045489] ACPI: SSDT 0x000000003F663B98 00057F (v02 Intel  PerfTune 00001000 INTL 20120913)
[    0.045491] ACPI: SSDT 0x000000003F664118 001100 (v01 INTEL  PtidDevc 00001000 INTL 20120913)
[    0.045492] ACPI: DBGP 0x000000003F665218 000034 (v01 INTEL           00000000 MSFT 0000005F)
[    0.045494] ACPI: DBG2 0x000000003F665250 000054 (v00 INTEL           00000000 MSFT 0000005F)
[    0.045495] ACPI: SSDT 0x000000003F6652A8 001658 (v02 SaSsdt SaSsdt   00003000 INTL 20120913)
[    0.045497] ACPI: UEFI 0x000000003F666900 000042 (v01                 00000000      00000000)
[    0.045498] ACPI: SSDT 0x000000003F666948 000E73 (v02 CpuRef CpuSsdt  00003000 INTL 20120913)
[    0.045500] ACPI: BGRT 0x000000003F6677C0 000038 (v01 ALASKA A M I    01072009 AMI  00010013)
[    0.045501] ACPI: DMAR 0x000000003F6677F8 000070 (v01 INTEL  SKL      00000001 INTL 00000001)
[    0.045503] ACPI: TPM2 0x000000003F667868 000034 (v03        Tpm2Tabl 00000001 AMI  00000000)
[    0.045504] ACPI: ASF! 0x000000003F6678A0 0000A5 (v32 INTEL   HCG     00000001 TFSM 000F4240)
[    0.045510] ACPI: Local APIC address 0xfee00000
[    0.045641] No NUMA configuration found
[    0.045642] Faking a node at [mem 0x0000000000000000-0x00000010beffffff]
[    0.045649] NODE_DATA(0) allocated [mem 0x10befd5000-0x10beffffff]
[    0.045811] Zone ranges:
[    0.045811]   DMA      [mem 0x0000000000001000-0x0000000000ffffff]
[    0.045812]   DMA32    [mem 0x0000000001000000-0x00000000ffffffff]
[    0.045813]   Normal   [mem 0x0000000100000000-0x00000010beffffff]
[    0.045814]   Device   empty
[    0.045814] Movable zone start for each node
[    0.045816] Early memory node ranges
[    0.045817]   node   0: [mem 0x0000000000001000-0x0000000000057fff]
[    0.045817]   node   0: [mem 0x0000000000059000-0x000000000009dfff]
[    0.045817]   node   0: [mem 0x0000000000100000-0x0000000037fd8fff]
[    0.045818]   node   0: [mem 0x0000000038024000-0x000000003e795fff]
[    0.045818]   node   0: [mem 0x000000003f0f3000-0x000000003f22dfff]
[    0.045818]   node   0: [mem 0x000000003faff000-0x000000003fafffff]
[    0.045819]   node   0: [mem 0x0000000100000000-0x00000010beffffff]
[    0.045882] Zeroed struct page in unavailable ranges: 6109 pages
[    0.045883] Initmem setup node 0 [mem 0x0000000000001000-0x00000010beffffff]
[    0.045884] On node 0 totalpages: 16767011
[    0.045884]   DMA zone: 64 pages used for memmap
[    0.045884]   DMA zone: 21 pages reserved
[    0.045885]   DMA zone: 3996 pages, LIFO batch:0
[    0.045947]   DMA32 zone: 3939 pages used for memmap
[    0.045947]   DMA32 zone: 252039 pages, LIFO batch:63
[    0.051736]   Normal zone: 257984 pages used for memmap
[    0.051736]   Normal zone: 16510976 pages, LIFO batch:63
[    0.294432] ACPI: PM-Timer IO Port: 0x1808
[    0.294433] ACPI: Local APIC address 0xfee00000
[    0.294438] ACPI: LAPIC_NMI (acpi_id[0x01] high edge lint[0x1])
[    0.294438] ACPI: LAPIC_NMI (acpi_id[0x02] high edge lint[0x1])
[    0.294439] ACPI: LAPIC_NMI (acpi_id[0x03] high edge lint[0x1])
[    0.294439] ACPI: LAPIC_NMI (acpi_id[0x04] high edge lint[0x1])
[    0.294439] ACPI: LAPIC_NMI (acpi_id[0x05] high edge lint[0x1])
[    0.294440] ACPI: LAPIC_NMI (acpi_id[0x06] high edge lint[0x1])
[    0.294440] ACPI: LAPIC_NMI (acpi_id[0x07] high edge lint[0x1])
[    0.294440] ACPI: LAPIC_NMI (acpi_id[0x08] high edge lint[0x1])
[    0.294466] IOAPIC[0]: apic_id 2, version 32, address 0xfec00000, GSI 0-119
[    0.294467] ACPI: INT_SRC_OVR (bus 0 bus_irq 0 global_irq 2 dfl dfl)
[    0.294468] ACPI: INT_SRC_OVR (bus 0 bus_irq 9 global_irq 9 high level)
[    0.294468] ACPI: IRQ0 used by override.
[    0.294469] ACPI: IRQ9 used by override.
[    0.294470] Using ACPI (MADT) for SMP configuration information
[    0.294471] ACPI: HPET id: 0x8086a701 base: 0xfed00000
[    0.294476] smpboot: Allowing 8 CPUs, 0 hotplug CPUs
[    0.294488] PM: Registered nosave memory: [mem 0x00000000-0x00000fff]
[    0.294489] PM: Registered nosave memory: [mem 0x00058000-0x00058fff]
[    0.294490] PM: Registered nosave memory: [mem 0x0009e000-0x0009ffff]
[    0.294490] PM: Registered nosave memory: [mem 0x000a0000-0x000fffff]
[    0.294491] PM: Registered nosave memory: [mem 0x3461a000-0x3461afff]
[    0.294492] PM: Registered nosave memory: [mem 0x34621000-0x34621fff]
[    0.294492] PM: Registered nosave memory: [mem 0x34622000-0x34622fff]
[    0.294493] PM: Registered nosave memory: [mem 0x34629000-0x34629fff]
[    0.294493] PM: Registered nosave memory: [mem 0x3462a000-0x3462afff]
[    0.294494] PM: Registered nosave memory: [mem 0x34636000-0x34636fff]
[    0.294494] PM: Registered nosave memory: [mem 0x34637000-0x34637fff]
[    0.294495] PM: Registered nosave memory: [mem 0x34643000-0x34643fff]
[    0.294496] PM: Registered nosave memory: [mem 0x34644000-0x34644fff]
[    0.294496] PM: Registered nosave memory: [mem 0x3467d000-0x3467dfff]
[    0.294497] PM: Registered nosave memory: [mem 0x3467e000-0x3467efff]
[    0.294498] PM: Registered nosave memory: [mem 0x346b7000-0x346b7fff]
[    0.294498] PM: Registered nosave memory: [mem 0x37fd9000-0x37fd9fff]
[    0.294499] PM: Registered nosave memory: [mem 0x37fda000-0x38023fff]
[    0.294500] PM: Registered nosave memory: [mem 0x3e796000-0x3f0f2fff]
[    0.294501] PM: Registered nosave memory: [mem 0x3f22e000-0x3f696fff]
[    0.294501] PM: Registered nosave memory: [mem 0x3f697000-0x3fafefff]
[    0.294502] PM: Registered nosave memory: [mem 0x3fb00000-0x3fbfffff]
[    0.294502] PM: Registered nosave memory: [mem 0x3fc00000-0xdfffffff]
[    0.294502] PM: Registered nosave memory: [mem 0xe0000000-0xefffffff]
[    0.294503] PM: Registered nosave memory: [mem 0xf0000000-0xfdffffff]
[    0.294503] PM: Registered nosave memory: [mem 0xfe000000-0xfe010fff]
[    0.294503] PM: Registered nosave memory: [mem 0xfe011000-0xfebfffff]
[    0.294504] PM: Registered nosave memory: [mem 0xfec00000-0xfec00fff]
[    0.294504] PM: Registered nosave memory: [mem 0xfec01000-0xfedfffff]
[    0.294504] PM: Registered nosave memory: [mem 0xfee00000-0xfee00fff]
[    0.294504] PM: Registered nosave memory: [mem 0xfee01000-0xfeffffff]
[    0.294505] PM: Registered nosave memory: [mem 0xff000000-0xffffffff]
[    0.294506] [mem 0x3fc00000-0xdfffffff] available for PCI devices
[    0.294506] Booting paravirtualized kernel on bare hardware
[    0.294508] clocksource: refined-jiffies: mask: 0xffffffff max_cycles: 0xffffffff, max_idle_ns: 7645519600211568 ns
[    0.294515] random: get_random_bytes called from start_kernel+0x97/0x526 with crng_init=0
[    0.294520] setup_percpu: NR_CPUS:8192 nr_cpumask_bits:8 nr_cpu_ids:8 nr_node_ids:1
[    0.294620] percpu: Embedded 46 pages/cpu @(____ptrval____) s151552 r8192 d28672 u262144
[    0.294624] pcpu-alloc: s151552 r8192 d28672 u262144 alloc=1*2097152
[    0.294624] pcpu-alloc: [0] 0 1 2 3 4 5 6 7 
[    0.294640] Built 1 zonelists, mobility grouping on.  Total pages: 16505003
[    0.294641] Policy zone: Normal
[    0.294641] Kernel command line: BOOT_IMAGE=/boot/vmlinuz-4.20.17-042017-generic root=UUID=058252c1-9cec-4d3f-b91c-57de25baf814 ro quiet splash vt.handoff=1
[    0.296791] Calgary: detecting Calgary via BIOS EBDA area
[    0.296793] Calgary: Unable to locate Rio Grande table in EBDA - bailing!
[    0.402116] Memory: 65764816K/67068044K available (12293K kernel code, 2268K rwdata, 4052K rodata, 2440K init, 5408K bss, 1303228K reserved, 0K cma-reserved)
[    0.402315] SLUB: HWalign=64, Order=0-3, MinObjects=0, CPUs=8, Nodes=1
[    0.402320] Kernel/User page tables isolation: enabled
[    0.402329] ftrace: allocating 40417 entries in 158 pages
[    0.412467] rcu: Hierarchical RCU implementation.
[    0.412468] rcu: 	RCU restricting CPUs from NR_CPUS=8192 to nr_cpu_ids=8.
[    0.412469] 	Tasks RCU enabled.
[    0.412469] rcu: RCU calculated value of scheduler-enlistment delay is 25 jiffies.
[    0.412469] rcu: Adjusting geometry for rcu_fanout_leaf=16, nr_cpu_ids=8
[    0.414360] NR_IRQS: 524544, nr_irqs: 2048, preallocated irqs: 16
[    0.414650] spurious 8259A interrupt: IRQ7.
[    0.414672] Console: colour dummy device 80x25
[    0.414674] printk: console [tty0] enabled
[    0.414688] ACPI: Core revision 20181003
[    0.414910] clocksource: hpet: mask: 0xffffffff max_cycles: 0xffffffff, max_idle_ns: 79635855245 ns
[    0.414939] hpet clockevent registered
[    0.415004] APIC: Switch to symmetric I/O mode setup
[    0.415006] DMAR: Host address width 39
[    0.415007] DMAR: DRHD base: 0x000000fed90000 flags: 0x1
[    0.415010] DMAR: dmar0: reg_base_addr fed90000 ver 1:0 cap d2008c40660462 ecap f050da
[    0.415011] DMAR: RMRR base: 0x0000003ee5d000 end: 0x0000003ee7cfff
[    0.415012] DMAR-IR: IOAPIC id 2 under DRHD base  0xfed90000 IOMMU 0
[    0.415012] DMAR-IR: HPET id 0 under DRHD base 0xfed90000
[    0.415013] DMAR-IR: Queued invalidation will be enabled to support x2apic and Intr-remapping.
[    0.416323] DMAR-IR: Enabled IRQ remapping in x2apic mode
[    0.416324] x2apic enabled
[    0.416337] Switched APIC routing to cluster x2apic.
[    0.420244] ..TIMER: vector=0x30 apic1=0 pin1=2 apic2=-1 pin2=-1
[    0.438948] clocksource: tsc-early: mask: 0xffffffffffffffff max_cycles: 0x39c5e21a6f1, max_idle_ns: 440795312983 ns
[    0.438956] Calibrating delay loop (skipped), value calculated using timer frequency.. 8016.00 BogoMIPS (lpj=16032000)
[    0.438957] pid_max: default: 32768 minimum: 301
[    0.439508] LSM: Security Framework initializing
[    0.439509] Yama: becoming mindful.
[    0.439527] AppArmor: AppArmor initialized
[    0.445445] Dentry cache hash table entries: 8388608 (order: 14, 67108864 bytes)
[    0.448358] Inode-cache hash table entries: 4194304 (order: 13, 33554432 bytes)
[    0.448460] Mount-cache hash table entries: 131072 (order: 8, 1048576 bytes)
[    0.448552] Mountpoint-cache hash table entries: 131072 (order: 8, 1048576 bytes)
[    0.448721] ENERGY_PERF_BIAS: Set to 'normal', was 'performance'
[    0.448721] ENERGY_PERF_BIAS: View and update with x86_energy_perf_policy(8)
[    0.448737] mce: CPU supports 10 MCE banks
[    0.448742] CPU0: Thermal monitoring enabled (TM1)
[    0.448755] process: using mwait in idle threads
[    0.448756] Last level iTLB entries: 4KB 64, 2MB 8, 4MB 8
[    0.448756] Last level dTLB entries: 4KB 64, 2MB 0, 4MB 0, 1GB 4
[    0.448757] Spectre V2 : Mitigation: Full generic retpoline
[    0.448758] Spectre V2 : Spectre v2 / SpectreRSB mitigation: Filling RSB on context switch
[    0.448758] Spectre V2 : Enabling Restricted Speculation for firmware calls
[    0.448762] Spectre V2 : mitigation: Enabling conditional Indirect Branch Prediction Barrier
[    0.448762] Spectre V2 : User space: Mitigation: STIBP via seccomp and prctl
[    0.448763] Speculative Store Bypass: Mitigation: Speculative Store Bypass disabled via prctl and seccomp
[    0.448917] Freeing SMP alternatives memory: 36K
[    0.452739] TSC deadline timer enabled
[    0.452743] smpboot: CPU0: Intel(R) Core(TM) i7-6700K CPU @ 4.00GHz (family: 0x6, model: 0x5e, stepping: 0x3)
[    0.452807] Performance Events: PEBS fmt3+, Skylake events, 32-deep LBR, full-width counters, Intel PMU driver.
[    0.452826] ... version:                4
[    0.452826] ... bit width:              48
[    0.452826] ... generic registers:      4
[    0.452827] ... value mask:             0000ffffffffffff
[    0.452827] ... max period:             00007fffffffffff
[    0.452827] ... fixed-purpose events:   3
[    0.452828] ... event mask:             000000070000000f
[    0.452853] rcu: Hierarchical SRCU implementation.
[    0.453695] NMI watchdog: Enabled. Permanently consumes one hw-PMU counter.
[    0.453755] smp: Bringing up secondary CPUs ...
[    0.453815] x86: Booting SMP configuration:
[    0.453815] .... node  #0, CPUs:      #1 #2 #3 #4 #5 #6 #7
[    0.459179] smp: Brought up 1 node, 8 CPUs
[    0.459179] smpboot: Max logical packages: 1
[    0.459179] smpboot: Total of 8 processors activated (64128.00 BogoMIPS)
[    0.463890] devtmpfs: initialized
[    0.463890] x86/mm: Memory block size: 128MB
[    0.467083] PM: Registering ACPI NVS region [mem 0x37fd9000-0x37fd9fff] (4096 bytes)
[    0.467083] PM: Registering ACPI NVS region [mem 0x3f22e000-0x3f696fff] (4624384 bytes)
[    0.467083] clocksource: jiffies: mask: 0xffffffff max_cycles: 0xffffffff, max_idle_ns: 7645041785100000 ns
[    0.467083] futex hash table entries: 2048 (order: 5, 131072 bytes)
[    0.467083] pinctrl core: initialized pinctrl subsystem
[    0.467190] RTC time: 22:49:31, date: 12/11/22
[    0.467328] NET: Registered protocol family 16
[    0.467397] audit: initializing netlink subsys (disabled)
[    0.467401] audit: type=2000 audit(1670798971.056:1): state=initialized audit_enabled=0 res=1
[    0.467401] cpuidle: using governor ladder
[    0.467401] cpuidle: using governor menu
[    0.467401] KVM setup pv remote TLB flush
[    0.467401] ACPI FADT declares the system doesn't support PCIe ASPM, so disable it
[    0.467401] ACPI: bus type PCI registered
[    0.467401] acpiphp: ACPI Hot Plug PCI Controller Driver version: 0.5
[    0.467401] PCI: MMCONFIG for domain 0000 [bus 00-ff] at [mem 0xe0000000-0xefffffff] (base 0xe0000000)
[    0.467401] PCI: MMCONFIG at [mem 0xe0000000-0xefffffff] reserved in E820
[    0.467401] PCI: Using configuration type 1 for base access
[    0.468161] HugeTLB registered 1.00 GiB page size, pre-allocated 0 pages
[    0.468161] HugeTLB registered 2.00 MiB page size, pre-allocated 0 pages
[    0.468161] ACPI: Added _OSI(Module Device)
[    0.468161] ACPI: Added _OSI(Processor Device)
[    0.468161] ACPI: Added _OSI(3.0 _SCP Extensions)
[    0.468161] ACPI: Added _OSI(Processor Aggregator Device)
[    0.468161] ACPI: Added _OSI(Linux-Dell-Video)
[    0.468161] ACPI: Added _OSI(Linux-Lenovo-NV-HDMI-Audio)
[    0.489092] ACPI: 6 ACPI AML tables successfully acquired and loaded
[    0.491386] ACPI: [Firmware Bug]: BIOS _OSI(Linux) query ignored
[    0.494320] ACPI: Dynamic OEM Table Load:
[    0.494324] ACPI: SSDT 0xFFFF95267772F000 0007AA (v02 PmRef  Cpu0Ist  00003000 INTL 20120913)
[    0.494736] ACPI: \_PR_.CPU0: _OSC native thermal LVT Acked
[    0.495627] ACPI: Dynamic OEM Table Load:
[    0.495629] ACPI: SSDT 0xFFFF95267759D000 00037F (v02 PmRef  Cpu0Cst  00003001 INTL 20120913)
[    0.496364] ACPI: Dynamic OEM Table Load:
[    0.496367] ACPI: SSDT 0xFFFF952677728000 0005AA (v02 PmRef  ApIst    00003000 INTL 20120913)
[    0.496904] ACPI: Dynamic OEM Table Load:
[    0.496906] ACPI: SSDT 0xFFFF9526775E6400 000119 (v02 PmRef  ApCst    00003000 INTL 20120913)
[    0.500217] ACPI: EC: EC started
[    0.500217] ACPI: EC: interrupt blocked
[    0.500723] ACPI: \_SB_.PCI0.LPCB.EC__: Used as first EC
[    0.500724] ACPI: \_SB_.PCI0.LPCB.EC__: GPE=0x3, EC_CMD/EC_SC=0x66, EC_DATA=0x62
[    0.500725] ACPI: \_SB_.PCI0.LPCB.EC__: Used as boot DSDT EC to handle transactions
[    0.500725] ACPI: Interpreter enabled
[    0.500752] ACPI: (supports S0 S3 S4 S5)
[    0.500753] ACPI: Using IOAPIC for interrupt routing
[    0.500780] PCI: Using host bridge windows from ACPI; if necessary, use "pci=nocrs" and report a bug
[    0.501195] ACPI: Enabled 9 GPEs in block 00 to 7F
[    0.515700] ACPI: PCI Root Bridge [PCI0] (domain 0000 [bus 00-fe])
[    0.515703] acpi PNP0A08:00: _OSC: OS supports [ExtendedConfig ASPM ClockPM Segments MSI]
[    0.515731] acpi PNP0A08:00: _OSC failed (AE_ERROR); disabling ASPM
[    0.516188] PCI host bridge to bus 0000:00
[    0.516189] pci_bus 0000:00: root bus resource [io  0x0000-0x0cf7 window]
[    0.516190] pci_bus 0000:00: root bus resource [io  0x0d00-0xffff window]
[    0.516190] pci_bus 0000:00: root bus resource [mem 0x000a0000-0x000bffff window]
[    0.516191] pci_bus 0000:00: root bus resource [mem 0x000c0000-0x000c3fff window]
[    0.516192] pci_bus 0000:00: root bus resource [mem 0x000c4000-0x000c7fff window]
[    0.516192] pci_bus 0000:00: root bus resource [mem 0x000c8000-0x000cbfff window]
[    0.516193] pci_bus 0000:00: root bus resource [mem 0x000cc000-0x000cffff window]
[    0.516193] pci_bus 0000:00: root bus resource [mem 0x000d0000-0x000d3fff window]
[    0.516196] pci_bus 0000:00: root bus resource [mem 0x000d4000-0x000d7fff window]
[    0.516197] pci_bus 0000:00: root bus resource [mem 0x000d8000-0x000dbfff window]
[    0.516197] pci_bus 0000:00: root bus resource [mem 0x000dc000-0x000dffff window]
[    0.516198] pci_bus 0000:00: root bus resource [mem 0x000e0000-0x000e3fff window]
[    0.516198] pci_bus 0000:00: root bus resource [mem 0x000e4000-0x000e7fff window]
[    0.516199] pci_bus 0000:00: root bus resource [mem 0x000e8000-0x000ebfff window]
[    0.516199] pci_bus 0000:00: root bus resource [mem 0x000ec000-0x000effff window]
[    0.516200] pci_bus 0000:00: root bus resource [mem 0x000f0000-0x000fffff window]
[    0.516200] pci_bus 0000:00: root bus resource [mem 0x40000000-0xdfffffff window]
[    0.516201] pci_bus 0000:00: root bus resource [mem 0x2000000000-0x2fffffffff window]
[    0.516202] pci_bus 0000:00: root bus resource [mem 0xfd000000-0xfe7fffff window]
[    0.516202] pci_bus 0000:00: root bus resource [bus 00-fe]
[    0.516207] pci 0000:00:00.0: [8086:191f] type 00 class 0x060000
[    0.516307] pci 0000:00:01.0: [8086:1901] type 01 class 0x060400
[    0.516348] pci 0000:00:01.0: PME# supported from D0 D3hot D3cold
[    0.516421] pci 0000:00:01.1: [8086:1905] type 01 class 0x060400
[    0.516460] pci 0000:00:01.1: PME# supported from D0 D3hot D3cold
[    0.516610] pci 0000:00:14.0: [8086:a12f] type 00 class 0x0c0330
[    0.516635] pci 0000:00:14.0: reg 0x10: [mem 0x2ffff10000-0x2ffff1ffff 64bit]
[    0.516705] pci 0000:00:14.0: PME# supported from D3hot D3cold
[    0.516882] pci 0000:00:16.0: [8086:a13a] type 00 class 0x078000
[    0.516907] pci 0000:00:16.0: reg 0x10: [mem 0x2ffff25000-0x2ffff25fff 64bit]
[    0.516977] pci 0000:00:16.0: PME# supported from D3hot
[    0.517096] pci 0000:00:17.0: [8086:a102] type 00 class 0x010601
[    0.517115] pci 0000:00:17.0: reg 0x10: [mem 0xda104000-0xda105fff]
[    0.517124] pci 0000:00:17.0: reg 0x14: [mem 0xda107000-0xda1070ff]
[    0.517134] pci 0000:00:17.0: reg 0x18: [io  0xf050-0xf057]
[    0.517143] pci 0000:00:17.0: reg 0x1c: [io  0xf040-0xf043]
[    0.517152] pci 0000:00:17.0: reg 0x20: [io  0xf020-0xf03f]
[    0.517161] pci 0000:00:17.0: reg 0x24: [mem 0xda106000-0xda1067ff]
[    0.517196] pci 0000:00:17.0: PME# supported from D3hot
[    0.517301] pci 0000:00:1b.0: [8086:a167] type 01 class 0x060400
[    0.517360] pci 0000:00:1b.0: PME# supported from D0 D3hot D3cold
[    0.517484] pci 0000:00:1b.2: [8086:a169] type 01 class 0x060400
[    0.517548] pci 0000:00:1b.2: PME# supported from D0 D3hot D3cold
[    0.517677] pci 0000:00:1b.3: [8086:a16a] type 01 class 0x060400
[    0.517739] pci 0000:00:1b.3: PME# supported from D0 D3hot D3cold
[    0.517877] pci 0000:00:1c.0: [8086:a110] type 01 class 0x060400
[    0.517939] pci 0000:00:1c.0: PME# supported from D0 D3hot D3cold
[    0.518069] pci 0000:00:1c.3: [8086:a113] type 01 class 0x060400
[    0.518134] pci 0000:00:1c.3: PME# supported from D0 D3hot D3cold
[    0.518258] pci 0000:00:1c.4: [8086:a114] type 01 class 0x060400
[    0.518322] pci 0000:00:1c.4: PME# supported from D0 D3hot D3cold
[    0.518458] pci 0000:00:1d.0: [8086:a118] type 01 class 0x060400
[    0.518522] pci 0000:00:1d.0: PME# supported from D0 D3hot D3cold
[    0.518657] pci 0000:00:1d.4: [8086:a11c] type 01 class 0x060400
[    0.518721] pci 0000:00:1d.4: PME# supported from D0 D3hot D3cold
[    0.518860] pci 0000:00:1f.0: [8086:a145] type 00 class 0x060100
[    0.519074] pci 0000:00:1f.2: [8086:a121] type 00 class 0x058000
[    0.519089] pci 0000:00:1f.2: reg 0x10: [mem 0xda100000-0xda103fff]
[    0.519226] pci 0000:00:1f.3: [8086:a170] type 00 class 0x040300
[    0.519253] pci 0000:00:1f.3: reg 0x10: [mem 0x2ffff20000-0x2ffff23fff 64bit]
[    0.519281] pci 0000:00:1f.3: reg 0x20: [mem 0x2ffff00000-0x2ffff0ffff 64bit]
[    0.519323] pci 0000:00:1f.3: PME# supported from D3hot D3cold
[    0.519472] pci 0000:00:1f.4: [8086:a123] type 00 class 0x0c0500
[    0.519532] pci 0000:00:1f.4: reg 0x10: [mem 0x2ffff24000-0x2ffff240ff 64bit]
[    0.519601] pci 0000:00:1f.4: reg 0x20: [io  0xf000-0xf01f]
[    0.519794] pci 0000:01:00.0: [10de:1be0] type 00 class 0x030000
[    0.519817] pci 0000:01:00.0: reg 0x10: [mem 0xdd000000-0xddffffff]
[    0.519830] pci 0000:01:00.0: reg 0x14: [mem 0x90000000-0x9fffffff 64bit pref]
[    0.519844] pci 0000:01:00.0: reg 0x1c: [mem 0xa0000000-0xa1ffffff 64bit pref]
[    0.519853] pci 0000:01:00.0: reg 0x24: [io  0xe000-0xe07f]
[    0.519862] pci 0000:01:00.0: reg 0x30: [mem 0xde000000-0xde07ffff pref]
[    0.519928] pci 0000:01:00.0: 16.000 Gb/s available PCIe bandwidth, limited by 2.5 GT/s x8 link at 0000:00:01.0 (capable of 126.016 Gb/s with 8 GT/s x16 link)
[    0.519985] pci 0000:01:00.1: [10de:10f0] type 00 class 0x040300
[    0.520000] pci 0000:01:00.1: reg 0x10: [mem 0xde080000-0xde083fff]
[    0.520110] pci 0000:00:01.0: ASPM: current common clock configuration is broken, reconfiguring
[    0.530989] pci 0000:00:01.0: PCI bridge to [bus 01]
[    0.530995] pci 0000:00:01.0:   bridge window [io  0xe000-0xefff]
[    0.531001] pci 0000:00:01.0:   bridge window [mem 0xdd000000-0xde0fffff]
[    0.531008] pci 0000:00:01.0:   bridge window [mem 0x90000000-0xa1ffffff 64bit pref]
[    0.531065] pci 0000:02:00.0: [10de:1be0] type 00 class 0x030200
[    0.531079] pci 0000:02:00.0: reg 0x10: [mem 0xdb000000-0xdbffffff]
[    0.531087] pci 0000:02:00.0: reg 0x14: [mem 0x70000000-0x7fffffff 64bit pref]
[    0.531096] pci 0000:02:00.0: reg 0x1c: [mem 0x80000000-0x81ffffff 64bit pref]
[    0.531100] pci 0000:02:00.0: reg 0x24: [io  0xd000-0xd07f]
[    0.531105] pci 0000:02:00.0: reg 0x30: [mem 0xdc000000-0xdc07ffff pref]
[    0.531151] pci 0000:02:00.0: 63.008 Gb/s available PCIe bandwidth, limited by 8 GT/s x8 link at 0000:00:01.1 (capable of 126.016 Gb/s with 8 GT/s x16 link)
[    0.531198] pci 0000:00:01.1: PCI bridge to [bus 02]
[    0.531199] pci 0000:00:01.1:   bridge window [io  0xd000-0xdfff]
[    0.531200] pci 0000:00:01.1:   bridge window [mem 0xdb000000-0xdc0fffff]
[    0.531202] pci 0000:00:01.1:   bridge window [mem 0x70000000-0x81ffffff 64bit pref]
[    0.531272] acpiphp: Slot [1] registered
[    0.531275] pci 0000:00:1b.0: PCI bridge to [bus 03]
[    0.531355] pci 0000:04:00.0: [1969:e0a1] type 00 class 0x020000
[    0.531390] pci 0000:04:00.0: reg 0x10: [mem 0xdf000000-0xdf03ffff 64bit]
[    0.531403] pci 0000:04:00.0: reg 0x18: [io  0xc000-0xc07f]
[    0.531515] pci 0000:04:00.0: PME# supported from D0 D1 D2 D3hot D3cold
[    0.531603] pci 0000:00:1b.2: PCI bridge to [bus 04]
[    0.531605] pci 0000:00:1b.2:   bridge window [io  0xc000-0xcfff]
[    0.531606] pci 0000:00:1b.2:   bridge window [mem 0xdf000000-0xdf0fffff]
[    0.531682] pci 0000:05:00.0: [1969:e0a1] type 00 class 0x020000
[    0.531717] pci 0000:05:00.0: reg 0x10: [mem 0xdef00000-0xdef3ffff 64bit]
[    0.531730] pci 0000:05:00.0: reg 0x18: [io  0xb000-0xb07f]
[    0.531842] pci 0000:05:00.0: PME# supported from D0 D1 D2 D3hot D3cold
[    0.531931] pci 0000:00:1b.3: PCI bridge to [bus 05]
[    0.531933] pci 0000:00:1b.3:   bridge window [io  0xb000-0xbfff]
[    0.531934] pci 0000:00:1b.3:   bridge window [mem 0xdef00000-0xdeffffff]
[    0.532037] pci 0000:06:00.0: [8086:24f3] type 00 class 0x028000
[    0.532087] pci 0000:06:00.0: reg 0x10: [mem 0xdee00000-0xdee01fff 64bit]
[    0.532262] pci 0000:06:00.0: PME# supported from D0 D3hot D3cold
[    0.532428] pci 0000:00:1c.0: PCI bridge to [bus 06]
[    0.532431] pci 0000:00:1c.0:   bridge window [mem 0xdee00000-0xdeefffff]
[    0.532499] acpiphp: Slot [1-1] registered
[    0.532513] pci 0000:07:00.0: [10ec:5250] type 00 class 0x080501
[    0.532537] pci 0000:07:00.0: reg 0x10: [mem 0xde201000-0xde201fff]
[    0.532545] pci 0000:07:00.0: reg 0x14: [mem 0xde200000-0xde200fff]
[    0.532640] pci 0000:07:00.0: supports D1 D2
[    0.532640] pci 0000:07:00.0: PME# supported from D1 D2 D3hot D3cold
[    0.532737] pci 0000:00:1c.3: PCI bridge to [bus 07]
[    0.532738] pci 0000:00:1c.3:   bridge window [io  0xa000-0xafff]
[    0.532740] pci 0000:00:1c.3:   bridge window [mem 0xde200000-0xdebfffff]
[    0.532743] pci 0000:00:1c.3:   bridge window [mem 0x2ffa100000-0x2ffaafffff 64bit pref]
[    0.532811] pci 0000:00:1c.4: PCI bridge to [bus 08-72]
[    0.532814] pci 0000:00:1c.4:   bridge window [mem 0xac000000-0xda0fffff]
[    0.532817] pci 0000:00:1c.4:   bridge window [mem 0x2fb0000000-0x2ff9ffffff 64bit pref]
[    0.532887] pci 0000:73:00.0: [144d:a802] type 00 class 0x010802
[    0.532916] pci 0000:73:00.0: reg 0x10: [mem 0xded10000-0xded13fff 64bit]
[    0.532926] pci 0000:73:00.0: reg 0x18: [io  0x9000-0x90ff]
[    0.532966] pci 0000:73:00.0: reg 0x30: [mem 0xded00000-0xded0ffff pref]
[    0.542988] pci 0000:00:1d.0: PCI bridge to [bus 73]
[    0.542994] pci 0000:00:1d.0:   bridge window [io  0x9000-0x9fff]
[    0.543000] pci 0000:00:1d.0:   bridge window [mem 0xded00000-0xdedfffff]
[    0.543111] pci 0000:74:00.0: [144d:a802] type 00 class 0x010802
[    0.543140] pci 0000:74:00.0: reg 0x10: [mem 0xdec10000-0xdec13fff 64bit]
[    0.543150] pci 0000:74:00.0: reg 0x18: [io  0x8000-0x80ff]
[    0.543190] pci 0000:74:00.0: reg 0x30: [mem 0xdec00000-0xdec0ffff pref]
[    0.554987] pci 0000:00:1d.4: PCI bridge to [bus 74]
[    0.554993] pci 0000:00:1d.4:   bridge window [io  0x8000-0x8fff]
[    0.554999] pci 0000:00:1d.4:   bridge window [mem 0xdec00000-0xdecfffff]
[    0.555924] ACPI: PCI Interrupt Link [LNKA] (IRQs 3 4 5 6 10 *11 12 14 15)
[    0.555970] ACPI: PCI Interrupt Link [LNKB] (IRQs 3 4 5 6 *10 11 12 14 15)
[    0.556013] ACPI: PCI Interrupt Link [LNKC] (IRQs 3 4 5 6 10 *11 12 14 15)
[    0.556057] ACPI: PCI Interrupt Link [LNKD] (IRQs 3 4 5 6 10 *11 12 14 15)
[    0.556099] ACPI: PCI Interrupt Link [LNKE] (IRQs 3 4 5 6 10 *11 12 14 15)
[    0.556142] ACPI: PCI Interrupt Link [LNKF] (IRQs 3 4 5 6 10 *11 12 14 15)
[    0.556185] ACPI: PCI Interrupt Link [LNKG] (IRQs 3 4 5 6 10 *11 12 14 15)
[    0.556228] ACPI: PCI Interrupt Link [LNKH] (IRQs 3 4 5 6 10 *11 12 14 15)
[    0.556620] ACPI: EC: interrupt unblocked
[    0.556634] ACPI: EC: event unblocked
[    0.556667] ACPI: \_SB_.PCI0.LPCB.EC__: GPE=0x3, EC_CMD/EC_SC=0x66, EC_DATA=0x62
[    0.556668] ACPI: \_SB_.PCI0.LPCB.EC__: Used as boot DSDT EC to handle transactions and events
[    0.556714] pci 0000:01:00.0: vgaarb: setting as boot VGA device
[    0.556714] pci 0000:01:00.0: vgaarb: VGA device added: decodes=io+mem,owns=io+mem,locks=none
[    0.556714] pci 0000:01:00.0: vgaarb: bridge control possible
[    0.556714] vgaarb: loaded
[    0.556714] SCSI subsystem initialized
[    0.556714] libata version 3.00 loaded.
[    0.556714] ACPI: bus type USB registered
[    0.556714] usbcore: registered new interface driver usbfs
[    0.556714] usbcore: registered new interface driver hub
[    0.556714] usbcore: registered new device driver usb
[    0.556714] pps_core: LinuxPPS API ver. 1 registered
[    0.556714] pps_core: Software ver. 5.3.6 - Copyright 2005-2007 Rodolfo Giometti <giometti@linux.it>
[    0.556714] PTP clock support registered
[    0.556714] EDAC MC: Ver: 3.0.0
[    0.556714] Registered efivars operations
[    0.563058] PCI: Using ACPI for IRQ routing
[    0.579130] PCI: pci_cache_line_size set to 64 bytes
[    0.579211] e820: reserve RAM buffer [mem 0x00058000-0x0005ffff]
[    0.579212] e820: reserve RAM buffer [mem 0x0009e000-0x0009ffff]
[    0.579212] e820: reserve RAM buffer [mem 0x3461a018-0x37ffffff]
[    0.579214] e820: reserve RAM buffer [mem 0x34622018-0x37ffffff]
[    0.579214] e820: reserve RAM buffer [mem 0x3462a018-0x37ffffff]
[    0.579215] e820: reserve RAM buffer [mem 0x34637018-0x37ffffff]
[    0.579216] e820: reserve RAM buffer [mem 0x34644018-0x37ffffff]
[    0.579217] e820: reserve RAM buffer [mem 0x3467e018-0x37ffffff]
[    0.579217] e820: reserve RAM buffer [mem 0x37fd9000-0x37ffffff]
[    0.579218] e820: reserve RAM buffer [mem 0x3e796000-0x3fffffff]
[    0.579218] e820: reserve RAM buffer [mem 0x3f22e000-0x3fffffff]
[    0.579219] e820: reserve RAM buffer [mem 0x3fb00000-0x3fffffff]
[    0.579220] e820: reserve RAM buffer [mem 0x10bf000000-0x10bfffffff]
[    0.579292] NetLabel: Initializing
[    0.579293] NetLabel:  domain hash size = 128
[    0.579293] NetLabel:  protocols = UNLABELED CIPSOv4 CALIPSO
[    0.579300] NetLabel:  unlabeled traffic allowed by default
[    0.583728] hpet0: at MMIO 0xfed00000, IRQs 2, 8, 0, 0, 0, 0, 0, 0
[    0.583730] hpet0: 8 comparators, 64-bit 24.000000 MHz counter
[    0.585772] clocksource: Switched to clocksource tsc-early
[    0.591423] VFS: Disk quotas dquot_6.6.0
[    0.591438] VFS: Dquot-cache hash table entries: 512 (order 0, 4096 bytes)
[    0.591519] AppArmor: AppArmor Filesystem Enabled
[    0.591526] pnp: PnP ACPI init
[    0.591681] system 00:00: [io  0x0680-0x069f] has been reserved
[    0.591682] system 00:00: [io  0xffff] has been reserved
[    0.591683] system 00:00: [io  0xffff] has been reserved
[    0.591683] system 00:00: [io  0xffff] has been reserved
[    0.591684] system 00:00: [io  0x1800-0x18fe] has been reserved
[    0.591685] system 00:00: [io  0x164e-0x164f] has been reserved
[    0.591685] system 00:00: [io  0x3322-0x3323] has been reserved
[    0.591688] system 00:00: Plug and Play ACPI device, IDs PNP0c02 (active)
[    0.591751] system 00:01: [io  0x0800-0x087f] has been reserved
[    0.591753] system 00:01: Plug and Play ACPI device, IDs PNP0c02 (active)
[    0.591766] pnp 00:02: Plug and Play ACPI device, IDs PNP0b00 (active)
[    0.591797] system 00:03: [io  0x1854-0x1857] has been reserved
[    0.591798] system 00:03: Plug and Play ACPI device, IDs INT3f0d PNP0c02 (active)
[    0.591812] pnp 00:04: Plug and Play ACPI device, IDs PNP0303 (active)
[    0.591894] pnp 00:05: Plug and Play ACPI device, IDs SYN1220 PNP0f13 (active)
[    0.592078] system 00:06: [mem 0xfed10000-0xfed17fff] has been reserved
[    0.592079] system 00:06: [mem 0xfed18000-0xfed18fff] has been reserved
[    0.592080] system 00:06: [mem 0xfed19000-0xfed19fff] has been reserved
[    0.592080] system 00:06: [mem 0xe0000000-0xefffffff] has been reserved
[    0.592081] system 00:06: [mem 0xfed20000-0xfed3ffff] has been reserved
[    0.592082] system 00:06: [mem 0xfed90000-0xfed93fff] could not be reserved
[    0.592083] system 00:06: [mem 0xfed45000-0xfed8ffff] has been reserved
[    0.592083] system 00:06: [mem 0xff000000-0xffffffff] has been reserved
[    0.592084] system 00:06: [mem 0xfee00000-0xfeefffff] could not be reserved
[    0.592085] system 00:06: [mem 0xdffe0000-0xdfffffff] has been reserved
[    0.592087] system 00:06: Plug and Play ACPI device, IDs PNP0c02 (active)
[    0.592118] system 00:07: [mem 0xfd000000-0xfdabffff] has been reserved
[    0.592119] system 00:07: [mem 0xfdad0000-0xfdadffff] has been reserved
[    0.592119] system 00:07: [mem 0xfdb00000-0xfdffffff] has been reserved
[    0.592120] system 00:07: [mem 0xfe000000-0xfe01ffff] could not be reserved
[    0.592121] system 00:07: [mem 0xfe036000-0xfe03bfff] has been reserved
[    0.592121] system 00:07: [mem 0xfe03d000-0xfe3fffff] has been reserved
[    0.592122] system 00:07: [mem 0xfe410000-0xfe7fffff] has been reserved
[    0.592124] system 00:07: Plug and Play ACPI device, IDs PNP0c02 (active)
[    0.592329] system 00:08: [io  0xff00-0xfffe] has been reserved
[    0.592330] system 00:08: Plug and Play ACPI device, IDs PNP0c02 (active)
[    0.593173] system 00:09: [mem 0xfdaf0000-0xfdafffff] has been reserved
[    0.593173] system 00:09: [mem 0xfdae0000-0xfdaeffff] has been reserved
[    0.593174] system 00:09: [mem 0xfdac0000-0xfdacffff] has been reserved
[    0.593176] system 00:09: Plug and Play ACPI device, IDs PNP0c02 (active)
[    0.593631] pnp: PnP ACPI: found 10 devices
[    0.598876] clocksource: acpi_pm: mask: 0xffffff max_cycles: 0xffffff, max_idle_ns: 2085701024 ns
[    0.598920] pci 0000:00:1c.4: bridge window [io  0x1000-0x0fff] to [bus 08-72] add_size 1000
[    0.598934] pci 0000:00:1c.4: BAR 13: assigned [io  0x2000-0x2fff]
[    0.598935] pci 0000:00:01.0: PCI bridge to [bus 01]
[    0.598936] pci 0000:00:01.0:   bridge window [io  0xe000-0xefff]
[    0.598940] pci 0000:00:01.0:   bridge window [mem 0xdd000000-0xde0fffff]
[    0.598944] pci 0000:00:01.0:   bridge window [mem 0x90000000-0xa1ffffff 64bit pref]
[    0.598949] pci 0000:00:01.1: PCI bridge to [bus 02]
[    0.598952] pci 0000:00:01.1:   bridge window [io  0xd000-0xdfff]
[    0.598956] pci 0000:00:01.1:   bridge window [mem 0xdb000000-0xdc0fffff]
[    0.598960] pci 0000:00:01.1:   bridge window [mem 0x70000000-0x81ffffff 64bit pref]
[    0.598965] pci 0000:00:1b.0: PCI bridge to [bus 03]
[    0.598979] pci 0000:00:1b.2: PCI bridge to [bus 04]
[    0.598980] pci 0000:00:1b.2:   bridge window [io  0xc000-0xcfff]
[    0.598985] pci 0000:00:1b.2:   bridge window [mem 0xdf000000-0xdf0fffff]
[    0.598995] pci 0000:00:1b.3: PCI bridge to [bus 05]
[    0.598996] pci 0000:00:1b.3:   bridge window [io  0xb000-0xbfff]
[    0.599001] pci 0000:00:1b.3:   bridge window [mem 0xdef00000-0xdeffffff]
[    0.599010] pci 0000:00:1c.0: PCI bridge to [bus 06]
[    0.599015] pci 0000:00:1c.0:   bridge window [mem 0xdee00000-0xdeefffff]
[    0.599024] pci 0000:00:1c.3: PCI bridge to [bus 07]
[    0.599025] pci 0000:00:1c.3:   bridge window [io  0xa000-0xafff]
[    0.599030] pci 0000:00:1c.3:   bridge window [mem 0xde200000-0xdebfffff]
[    0.599034] pci 0000:00:1c.3:   bridge window [mem 0x2ffa100000-0x2ffaafffff 64bit pref]
[    0.599040] pci 0000:00:1c.4: PCI bridge to [bus 08-72]
[    0.599041] pci 0000:00:1c.4:   bridge window [io  0x2000-0x2fff]
[    0.599046] pci 0000:00:1c.4:   bridge window [mem 0xac000000-0xda0fffff]
[    0.599049] pci 0000:00:1c.4:   bridge window [mem 0x2fb0000000-0x2ff9ffffff 64bit pref]
[    0.599056] pci 0000:00:1d.0: PCI bridge to [bus 73]
[    0.599057] pci 0000:00:1d.0:   bridge window [io  0x9000-0x9fff]
[    0.599062] pci 0000:00:1d.0:   bridge window [mem 0xded00000-0xdedfffff]
[    0.599071] pci 0000:00:1d.4: PCI bridge to [bus 74]
[    0.599072] pci 0000:00:1d.4:   bridge window [io  0x8000-0x8fff]
[    0.599077] pci 0000:00:1d.4:   bridge window [mem 0xdec00000-0xdecfffff]
[    0.599087] pci_bus 0000:00: resource 4 [io  0x0000-0x0cf7 window]
[    0.599087] pci_bus 0000:00: resource 5 [io  0x0d00-0xffff window]
[    0.599088] pci_bus 0000:00: resource 6 [mem 0x000a0000-0x000bffff window]
[    0.599089] pci_bus 0000:00: resource 7 [mem 0x000c0000-0x000c3fff window]
[    0.599089] pci_bus 0000:00: resource 8 [mem 0x000c4000-0x000c7fff window]
[    0.599090] pci_bus 0000:00: resource 9 [mem 0x000c8000-0x000cbfff window]
[    0.599090] pci_bus 0000:00: resource 10 [mem 0x000cc000-0x000cffff window]
[    0.599091] pci_bus 0000:00: resource 11 [mem 0x000d0000-0x000d3fff window]
[    0.599091] pci_bus 0000:00: resource 12 [mem 0x000d4000-0x000d7fff window]
[    0.599092] pci_bus 0000:00: resource 13 [mem 0x000d8000-0x000dbfff window]
[    0.599092] pci_bus 0000:00: resource 14 [mem 0x000dc000-0x000dffff window]
[    0.599093] pci_bus 0000:00: resource 15 [mem 0x000e0000-0x000e3fff window]
[    0.599093] pci_bus 0000:00: resource 16 [mem 0x000e4000-0x000e7fff window]
[    0.599094] pci_bus 0000:00: resource 17 [mem 0x000e8000-0x000ebfff window]
[    0.599094] pci_bus 0000:00: resource 18 [mem 0x000ec000-0x000effff window]
[    0.599095] pci_bus 0000:00: resource 19 [mem 0x000f0000-0x000fffff window]
[    0.599096] pci_bus 0000:00: resource 20 [mem 0x40000000-0xdfffffff window]
[    0.599096] pci_bus 0000:00: resource 21 [mem 0x2000000000-0x2fffffffff window]
[    0.599097] pci_bus 0000:00: resource 22 [mem 0xfd000000-0xfe7fffff window]
[    0.599097] pci_bus 0000:01: resource 0 [io  0xe000-0xefff]
[    0.599098] pci_bus 0000:01: resource 1 [mem 0xdd000000-0xde0fffff]
[    0.599099] pci_bus 0000:01: resource 2 [mem 0x90000000-0xa1ffffff 64bit pref]
[    0.599099] pci_bus 0000:02: resource 0 [io  0xd000-0xdfff]
[    0.599100] pci_bus 0000:02: resource 1 [mem 0xdb000000-0xdc0fffff]
[    0.599100] pci_bus 0000:02: resource 2 [mem 0x70000000-0x81ffffff 64bit pref]
[    0.599101] pci_bus 0000:04: resource 0 [io  0xc000-0xcfff]
[    0.599101] pci_bus 0000:04: resource 1 [mem 0xdf000000-0xdf0fffff]
[    0.599102] pci_bus 0000:05: resource 0 [io  0xb000-0xbfff]
[    0.599103] pci_bus 0000:05: resource 1 [mem 0xdef00000-0xdeffffff]
[    0.599103] pci_bus 0000:06: resource 1 [mem 0xdee00000-0xdeefffff]
[    0.599104] pci_bus 0000:07: resource 0 [io  0xa000-0xafff]
[    0.599104] pci_bus 0000:07: resource 1 [mem 0xde200000-0xdebfffff]
[    0.599105] pci_bus 0000:07: resource 2 [mem 0x2ffa100000-0x2ffaafffff 64bit pref]
[    0.599105] pci_bus 0000:08: resource 0 [io  0x2000-0x2fff]
[    0.599106] pci_bus 0000:08: resource 1 [mem 0xac000000-0xda0fffff]
[    0.599106] pci_bus 0000:08: resource 2 [mem 0x2fb0000000-0x2ff9ffffff 64bit pref]
[    0.599107] pci_bus 0000:73: resource 0 [io  0x9000-0x9fff]
[    0.599107] pci_bus 0000:73: resource 1 [mem 0xded00000-0xdedfffff]
[    0.599108] pci_bus 0000:74: resource 0 [io  0x8000-0x8fff]
[    0.599109] pci_bus 0000:74: resource 1 [mem 0xdec00000-0xdecfffff]
[    0.599215] NET: Registered protocol family 2
[    0.599369] tcp_listen_portaddr_hash hash table entries: 32768 (order: 7, 524288 bytes)
[    0.599478] TCP established hash table entries: 524288 (order: 10, 4194304 bytes)
[    0.599799] TCP bind hash table entries: 65536 (order: 8, 1048576 bytes)
[    0.599871] TCP: Hash tables configured (established 524288 bind 65536)
[    0.599912] UDP hash table entries: 32768 (order: 8, 1048576 bytes)
[    0.600004] UDP-Lite hash table entries: 32768 (order: 8, 1048576 bytes)
[    0.600141] NET: Registered protocol family 1
[    0.600144] NET: Registered protocol family 44
[    0.600333] pci 0000:01:00.0: Video device with shadowed ROM at [mem 0x000c0000-0x000dffff]
[    0.600341] pci 0000:01:00.1: Linked as a consumer to 0000:01:00.0
[    0.600367] PCI: CLS 0 bytes, default 64
[    0.600393] Unpacking initramfs...
[    0.947077] Freeing initrd memory: 40476K
[    0.970993] PCI-DMA: Using software bounce buffering for IO (SWIOTLB)
[    0.970997] software IO TLB: mapped [mem 0x3061a000-0x3461a000] (64MB)
[    0.971165] clocksource: tsc: mask: 0xffffffffffffffff max_cycles: 0x39c5e21a6f1, max_idle_ns: 440795312983 ns
[    0.971175] clocksource: Switched to clocksource tsc
[    0.971252] check: Scanning for low memory corruption every 60 seconds
[    0.972283] Initialise system trusted keyrings
[    0.972290] Key type blacklist registered
[    0.972312] workingset: timestamp_bits=36 max_order=24 bucket_order=0
[    0.973256] zbud: loaded
[    0.973560] squashfs: version 4.0 (2009/01/31) Phillip Lougher
[    0.973700] fuse init (API version 7.28)
[    0.994495] Key type asymmetric registered
[    0.994496] Asymmetric key parser 'x509' registered
[    0.994502] Block layer SCSI generic (bsg) driver version 0.4 loaded (major 243)
[    0.994526] io scheduler noop registered
[    0.994527] io scheduler deadline registered
[    0.994555] io scheduler cfq registered (default)
[    0.995356] shpchp: Standard Hot Plug PCI Controller Driver version: 0.4
[    0.995379] intel_idle: MWAIT substates: 0x142120
[    0.995380] intel_idle: v0.4.1 model 0x5E
[    0.995601] intel_idle: lapic_timer_reliable_states 0xffffffff
[    0.996793] ACPI: AC Adapter [AC] (on-line)
[    0.996836] input: Power Button as /devices/LNXSYSTM:00/LNXSYBUS:00/PNP0C0C:00/input/input0
[    0.996843] ACPI: Power Button [PWRB]
[    0.996862] input: Sleep Button as /devices/LNXSYSTM:00/LNXSYBUS:00/PNP0C0E:00/input/input1
[    0.996865] ACPI: Sleep Button [SLPB]
[    0.996883] input: Lid Switch as /devices/LNXSYSTM:00/LNXSYBUS:00/PNP0C0D:00/input/input2
[    0.996885] ACPI: Lid Switch [LID0]
[    0.996902] input: Power Button as /devices/LNXSYSTM:00/LNXPWRBN:00/input/input3
[    0.996905] ACPI: Power Button [PWRF]
[    0.997243] thermal LNXTHERM:00: registered as thermal_zone0
[    0.997243] ACPI: Thermal Zone [TZ0] (61 C)
[    0.997358] Serial: 8250/16550 driver, 32 ports, IRQ sharing enabled
[    0.997665] battery: ACPI: Battery Slot [BAT0] (battery present)
[    0.998513] Linux agpgart interface v0.103
[    1.003940] tpm_tis MSFT0101:00: 2.0 TPM (device-id 0x1A, rev-id 16)
[    1.034467] loop: module loaded
[    1.034560] libphy: Fixed MDIO Bus: probed
[    1.034561] tun: Universal TUN/TAP device driver, 1.6
[    1.034576] PPP generic driver version 2.4.2
[    1.034600] ehci_hcd: USB 2.0 'Enhanced' Host Controller (EHCI) Driver
[    1.034601] ehci-pci: EHCI PCI platform driver
[    1.034607] ehci-platform: EHCI generic platform driver
[    1.034613] ohci_hcd: USB 1.1 'Open' Host Controller (OHCI) Driver
[    1.034613] ohci-pci: OHCI PCI platform driver
[    1.034618] ohci-platform: OHCI generic platform driver
[    1.034624] uhci_hcd: USB Universal Host Controller Interface driver
[    1.034731] xhci_hcd 0000:00:14.0: xHCI Host Controller
[    1.034738] xhci_hcd 0000:00:14.0: new USB bus registered, assigned bus number 1
[    1.035790] xhci_hcd 0000:00:14.0: hcc params 0x200077c1 hci version 0x100 quirks 0x0000000001109810
[    1.035794] xhci_hcd 0000:00:14.0: cache line size of 64 is not supported
[    1.035939] usb usb1: New USB device found, idVendor=1d6b, idProduct=0002, bcdDevice= 4.20
[    1.035940] usb usb1: New USB device strings: Mfr=3, Product=2, SerialNumber=1
[    1.035941] usb usb1: Product: xHCI Host Controller
[    1.035941] usb usb1: Manufacturer: Linux 4.20.17-042017-generic xhci-hcd
[    1.035942] usb usb1: SerialNumber: 0000:00:14.0
[    1.036025] hub 1-0:1.0: USB hub found
[    1.036038] hub 1-0:1.0: 16 ports detected
[    1.036538] xhci_hcd 0000:00:14.0: xHCI Host Controller
[    1.036540] xhci_hcd 0000:00:14.0: new USB bus registered, assigned bus number 2
[    1.036541] xhci_hcd 0000:00:14.0: Host supports USB 3.0  SuperSpeed
[    1.036559] usb usb2: New USB device found, idVendor=1d6b, idProduct=0003, bcdDevice= 4.20
[    1.036559] usb usb2: New USB device strings: Mfr=3, Product=2, SerialNumber=1
[    1.036560] usb usb2: Product: xHCI Host Controller
[    1.036561] usb usb2: Manufacturer: Linux 4.20.17-042017-generic xhci-hcd
[    1.036561] usb usb2: SerialNumber: 0000:00:14.0
[    1.036637] hub 2-0:1.0: USB hub found
[    1.036647] hub 2-0:1.0: 10 ports detected
[    1.036835] usb: port power management may be unreliable
[    1.037098] i8042: PNP: PS/2 Controller [PNP0303:PS2K,PNP0f13:SYNM] at 0x60,0x64 irq 1,12
[    1.582352] i8042: Detected active multiplexing controller, rev 1.1
[    1.584385] serio: i8042 KBD port at 0x60,0x64 irq 1
[    1.584388] serio: i8042 AUX0 port at 0x60,0x64 irq 12
[    1.584406] serio: i8042 AUX1 port at 0x60,0x64 irq 12
[    1.584418] serio: i8042 AUX2 port at 0x60,0x64 irq 12
[    1.584429] serio: i8042 AUX3 port at 0x60,0x64 irq 12
[    1.584493] mousedev: PS/2 mouse device common for all mice
[    1.584851] rtc_cmos 00:02: RTC can wake from S4
[    1.585291] rtc_cmos 00:02: registered as rtc0
[    1.585297] rtc_cmos 00:02: alarms up to one month, y3k, 242 bytes nvram, hpet irqs
[    1.585335] device-mapper: uevent: version 1.0.3
[    1.585369] device-mapper: ioctl: 4.39.0-ioctl (2018-04-03) initialised: dm-devel@redhat.com
[    1.585371] intel_pstate: Intel P-state driver initializing
[    1.585652] intel_pstate: HWP enabled
[    1.585793] ledtrig-cpu: registered to indicate activity on CPUs
[    1.585796] EFI Variables Facility v0.08 2004-May-17
[    1.588294] input: AT Translated Set 2 keyboard as /devices/platform/i8042/serio0/input/input4
[    1.596065] intel_pmc_core:  initialized
[    1.596222] NET: Registered protocol family 10
[    1.600100] Segment Routing with IPv6
[    1.600112] NET: Registered protocol family 17
[    1.600219] Key type dns_resolver registered
[    1.600862] RAS: Correctable Errors collector initialized.
[    1.600908] microcode: sig=0x506e3, pf=0x2, revision=0xf0
[    1.601138] microcode: Microcode Update Driver: v2.2.
[    1.601145] sched_clock: Marking stable (1604810840, -3674609)->(1608724558, -7588327)
[    1.601458] registered taskstats version 1
[    1.601465] Loading compiled-in X.509 certificates
[    1.602431] Loaded X.509 cert 'Build time autogenerated kernel key: 6b6b76f1b7006092180520e6bc1cd8b919076eae'
[    1.602445] zswap: loaded using pool lzo/zbud
[    1.605843] Key type big_key registered
[    1.605845] Key type trusted registered
[    1.607285] Key type encrypted registered
[    1.607287] AppArmor: AppArmor sha1 policy hashing enabled
[    1.607298] ima: Allocated hash algorithm: sha1
[    1.661553] evm: Initialising EVM extended attributes:
[    1.661554] evm: security.selinux
[    1.661555] evm: security.SMACK64
[    1.661555] evm: security.SMACK64EXEC
[    1.661555] evm: security.SMACK64TRANSMUTE
[    1.661555] evm: security.SMACK64MMAP
[    1.661556] evm: security.apparmor
[    1.661556] evm: security.ima
[    1.661556] evm: security.capability
[    1.661557] evm: HMAC attrs: 0x1
[    1.662492]   Magic number: 2:985:855
[    1.662552] memory memory302: hash matches
[    1.662710] rtc_cmos 00:02: setting system clock to 2022-12-11 22:49:32 UTC (1670798972)
[    1.663452] Freeing unused decrypted memory: 2040K
[    1.663746] Freeing unused kernel image memory: 2440K
[    1.691258] Write protecting the kernel read-only data: 18432k
[    1.691699] Freeing unused kernel image memory: 2012K
[    1.691780] Freeing unused kernel image memory: 44K
[    1.697617] x86/mm: Checked W+X mappings: passed, no W+X pages found.
[    1.697618] x86/mm: Checking user space page tables
[    1.703099] x86/mm: Checked W+X mappings: passed, no W+X pages found.
[    1.703100] Run /init as init process
[    1.759797] ACPI: Video Device [PEGP] (multi-head: yes  rom: no  post: no)
[    1.769266] ahci 0000:00:17.0: version 3.0
[    1.770494] sdhci: Secure Digital Host Controller Interface driver
[    1.770495] sdhci: Copyright(c) Pierre Ossman
[    1.772671] sdhci-pci 0000:07:00.0: SDHCI controller found [10ec:5250] (rev 1)
[    1.772678] sdhci-pci 0000:07:00.0: enabling device (0000 -> 0002)
[    1.776311] nvme nvme0: pci function 0000:73:00.0
[    1.776375] nvme nvme1: pci function 0000:74:00.0
[    1.779729] ahci 0000:00:17.0: AHCI 0001.0301 32 slots 2 ports 6 Gbps 0x30 impl SATA mode
[    1.779730] ahci 0000:00:17.0: flags: 64bit ncq sntf pm led clo only pio slum part ems deso sadm sds apst 
[    1.784616] mmc0: SDHCI controller on PCI [0000:07:00.0] using ADMA
[    1.784893] alx 0000:04:00.0 eth0: Qualcomm Atheros AR816x/AR817x Ethernet [80:fa:5b:3b:1f:e9]
[    1.790271] alx 0000:05:00.0 eth1: Qualcomm Atheros AR816x/AR817x Ethernet [80:fa:5b:3b:1f:ea]
[    1.799328] acpi device:05: registered as cooling_device8
[    1.799400] input: Video Bus as /devices/LNXSYSTM:00/LNXSYBUS:00/PNP0A08:00/device:04/LNXVIDEO:01/input/input9
[    1.800507] alx 0000:04:00.0 enp4s0: renamed from eth0
[    1.801156] scsi host0: ahci
[    1.801282] scsi host1: ahci
[    1.801343] scsi host2: ahci
[    1.801410] scsi host3: ahci
[    1.806960] scsi host4: ahci
[    1.807152] scsi host5: ahci
[    1.807197] ata1: DUMMY
[    1.807198] ata2: DUMMY
[    1.807198] ata3: DUMMY
[    1.807199] ata4: DUMMY
[    1.807200] ata5: SATA max UDMA/133 abar m2048@0xda106000 port 0xda106300 irq 123
[    1.807201] ata6: SATA max UDMA/133 abar m2048@0xda106000 port 0xda106380 irq 123
[    1.814956] usb 1-6: new high-speed USB device number 2 using xhci_hcd
[    1.827862] alx 0000:05:00.0 enp5s0: renamed from eth1
[    1.899522]  nvme0n1: p1 p2 p3 p4
[    1.913580]  nvme1n1: p1 p2 p3
[    1.972688] usb 1-6: New USB device found, idVendor=04f2, idProduct=b5a7, bcdDevice=36.01
[    1.972689] usb 1-6: New USB device strings: Mfr=1, Product=2, SerialNumber=0
[    1.972690] usb 1-6: Product: Chicony USB 2.0 Camera
[    1.972690] usb 1-6: Manufacturer: SunplusIT Inc
[    2.098965] usb 1-7: new full-speed USB device number 3 using xhci_hcd
[    2.122925] ata6: SATA link down (SStatus 4 SControl 300)
[    2.122940] ata5: SATA link up 6.0 Gbps (SStatus 133 SControl 300)
[    2.124727] ata5.00: supports DRM functions and may not be fully accessible
[    2.125662] ata5.00: disabling queued TRIM support
[    2.125664] ata5.00: ATA-9: Samsung SSD 850 PRO 2TB, EXM02B6Q, max UDMA/133
[    2.125665] ata5.00: 4000797360 sectors, multi 1: LBA48 NCQ (depth 32), AA
[    2.127447] ata5.00: supports DRM functions and may not be fully accessible
[    2.128065] ata5.00: disabling queued TRIM support
[    2.129547] ata5.00: configured for UDMA/133
[    2.129706] scsi 4:0:0:0: Direct-Access     ATA      Samsung SSD 850  2B6Q PQ: 0 ANSI: 5
[    2.129959] sd 4:0:0:0: Attached scsi generic sg0 type 0
[    2.130024] sd 4:0:0:0: [sda] 4000797360 512-byte logical blocks: (2.05 TB/1.86 TiB)
[    2.130033] sd 4:0:0:0: [sda] Write Protect is off
[    2.130034] sd 4:0:0:0: [sda] Mode Sense: 00 3a 00 00
[    2.130046] sd 4:0:0:0: [sda] Write cache: enabled, read cache: enabled, doesn't support DPO or FUA
[    2.131280]  sda: sda1 sda2 sda3 sda4 sda5 sda6 sda7 sda8
[    2.132093] sd 4:0:0:0: [sda] supports TCG Opal
[    2.132094] sd 4:0:0:0: [sda] Attached SCSI disk
[    2.218570] random: fast init done
[    2.349341] usb 1-7: New USB device found, idVendor=06cb, idProduct=0078, bcdDevice= 1.54
[    2.349342] usb 1-7: New USB device strings: Mfr=0, Product=0, SerialNumber=1
[    2.349343] usb 1-7: SerialNumber: 3d27980094dd
[    2.479182] usb 1-8: new full-speed USB device number 4 using xhci_hcd
[    2.712660] usb 1-8: New USB device found, idVendor=8087, idProduct=0a2b, bcdDevice= 0.01
[    2.712661] usb 1-8: New USB device strings: Mfr=0, Product=0, SerialNumber=0
[    2.829208] EXT4-fs (nvme0n1p1): mounted filesystem with ordered data mode. Opts: (null)
[    2.957762] systemd[1]: systemd 237 running in system mode. (+PAM +AUDIT +SELINUX +IMA +APPARMOR +SMACK +SYSVINIT +UTMP +LIBCRYPTSETUP +GCRYPT +GNUTLS +ACL +XZ +LZ4 +SECCOMP +BLKID +ELFUTILS +KMOD -IDN2 +IDN -PCRE2 default-hierarchy=hybrid)
[    3.047309] systemd[1]: Detected architecture x86-64.
[    3.050475] systemd[1]: Set hostname to <unix-computer>.
[    3.078782] psmouse serio2: synaptics: queried max coordinates: x [..5656], y [..4728]
[    3.097909] random: systemd: uninitialized urandom read (16 bytes read)
[    3.097959] systemd[1]: Started Forward Password Requests to Wall Directory Watch.
[    3.097976] random: systemd: uninitialized urandom read (16 bytes read)
[    3.097981] systemd[1]: Reached target Remote File Systems.
[    3.098012] random: systemd: uninitialized urandom read (16 bytes read)
[    3.098111] systemd[1]: Set up automount Arbitrary Executable File Formats File System Automount Point.
[    3.165259] systemd[1]: Created slice System Slice.
[    3.165329] systemd[1]: Listening on Journal Socket.
[    3.165362] systemd[1]: Listening on fsck to fsckd communication Socket.
[    3.165392] systemd[1]: Listening on /dev/initctl Compatibility Named Pipe.
[    3.176251] lp: driver loaded but no devices found
[    3.178741] ppdev: user-space parallel port driver
[    3.181041] EXT4-fs (nvme0n1p1): re-mounted. Opts: errors=remount-ro
[    3.195655] psmouse serio2: synaptics: queried min coordinates: x [1284..], y [1128..]
[    3.195658] psmouse serio2: synaptics: Your touchpad (PNP: SYN1220 PNP0f13) says it can support a different bus. If i2c-hid and hid-rmi are not used, you might want to try setting psmouse.synaptics_intertouch to 1 and report this to linux-input@vger.kernel.org.
[    3.231620] systemd-journald[361]: Received request to flush runtime journal from PID 1
[    3.235383] Adding 2097148k swap on /swapfile.  Priority:-2 extents:6 across:2260988k SSFS
[    3.340500] mei_me 0000:00:16.0: enabling device (0000 -> 0002)
[    3.342967] psmouse serio2: synaptics: Touchpad model: 1, fw: 8.2, id: 0x1e2b1, caps: 0xf00123/0x840300/0x26800/0x0, board id: 3261, fw id: 2393254
[    3.348542] random: crng init done
[    3.348543] random: 7 urandom warning(s) missed due to ratelimiting
[    3.368314] media: Linux media interface: v0.10
[    3.374322] videodev: Linux video capture interface: v2.00
[    3.378160] cfg80211: Loading compiled-in X.509 certificates for regulatory database
[    3.388065] Bluetooth: Core ver 2.22
[    3.388078] NET: Registered protocol family 31
[    3.388078] Bluetooth: HCI device and connection manager initialized
[    3.388081] Bluetooth: HCI socket layer initialized
[    3.388082] Bluetooth: L2CAP socket layer initialized
[    3.388085] Bluetooth: SCO socket layer initialized
[    3.389257] cfg80211: Loaded X.509 cert 'sforshee: 00b28ddf47aef9cea7'
[    3.390046] input: SynPS/2 Synaptics TouchPad as /devices/platform/i8042/serio2/input/input11
[    3.392611] uvcvideo: Found UVC 1.00 device Chicony USB 2.0 Camera (04f2:b5a7)
[    3.395655] RAPL PMU: API unit is 2^-32 Joules, 5 fixed counters, 655360 ms ovfl timer
[    3.395657] RAPL PMU: hw unit of domain pp0-core 2^-14 Joules
[    3.395657] RAPL PMU: hw unit of domain package 2^-14 Joules
[    3.395658] RAPL PMU: hw unit of domain dram 2^-14 Joules
[    3.395658] RAPL PMU: hw unit of domain pp1-gpu 2^-14 Joules
[    3.395659] RAPL PMU: hw unit of domain psys 2^-14 Joules
[    3.397990] Intel(R) Wireless WiFi driver for Linux
[    3.397991] Copyright(c) 2003- 2015 Intel Corporation
[    3.398075] iwlwifi 0000:06:00.0: enabling device (0000 -> 0002)
[    3.400408] usbcore: registered new interface driver btusb
[    3.403025] iwlwifi 0000:06:00.0: loaded firmware version 36.e91976c0.0 op_mode iwlmvm
[    3.404984] Bluetooth: hci0: Firmware revision 0.0 build 217 week 17 2018
[    3.408181] cryptd: max_cpu_qlen set to 1000
[    3.423496] snd_hda_intel 0000:00:1f.3: enabling device (0000 -> 0002)
[    3.423786] snd_hda_intel 0000:01:00.1: enabling device (0000 -> 0002)
[    3.423848] snd_hda_intel 0000:01:00.1: Disabling MSI
[    3.423852] snd_hda_intel 0000:01:00.1: Handle vga_switcheroo audio client
[    3.425389] uvcvideo 1-6:1.0: Entity type for entity Extension 4 was not initialized!
[    3.425391] uvcvideo 1-6:1.0: Entity type for entity Extension 3 was not initialized!
[    3.425393] uvcvideo 1-6:1.0: Entity type for entity Processing 2 was not initialized!
[    3.425394] uvcvideo 1-6:1.0: Entity type for entity Camera 1 was not initialized!
[    3.425448] input: Chicony USB 2.0 Camera: Chicony as /devices/pci0000:00/0000:00:14.0/usb1/1-6/1-6:1.0/input/input14
[    3.425502] usbcore: registered new interface driver uvcvideo
[    3.425503] USB Video Class driver (1.1.1)
[    3.425862] iwlwifi 0000:06:00.0: Detected Intel(R) Dual Band Wireless AC 8260, REV=0x208
[    3.428414] MXM: GUID detected in BIOS
[    3.428479] ACPI Warning: \_SB.PCI0.PEG0.PEGP._DSM: Argument #4 type mismatch - Found [Buffer], ACPI requires [Package] (20181003/nsarguments-66)
[    3.428516] ACPI: \_SB_.PCI0.PEG0.PEGP: failed to evaluate _DSM
[    3.428539] ACPI Warning: \_SB.PCI0.PEG1.PEGP._DSM: Argument #4 type mismatch - Found [Buffer], ACPI requires [Package] (20181003/nsarguments-66)
[    3.428556] ACPI: \_SB_.PCI0.PEG1.PEGP: failed to evaluate _DSM
[    3.428756] nouveau 0000:01:00.0: NVIDIA GP104 (134000a1)
[    3.428811] AVX2 version of gcm_enc/dec engaged.
[    3.428811] AES CTR mode by8 optimization enabled
[    3.438111] snd_hda_codec_realtek hdaudioC0D0: autoconfig for ALC898: line_outs=1 (0x17/0x0/0x0/0x0/0x0) type:line
[    3.438113] snd_hda_codec_realtek hdaudioC0D0:    speaker_outs=1 (0x14/0x0/0x0/0x0/0x0)
[    3.438113] snd_hda_codec_realtek hdaudioC0D0:    hp_outs=0 (0x0/0x0/0x0/0x0/0x0)
[    3.438114] snd_hda_codec_realtek hdaudioC0D0:    mono: mono_out=0x0
[    3.438114] snd_hda_codec_realtek hdaudioC0D0:    dig-out=0x1e/0x0
[    3.438115] snd_hda_codec_realtek hdaudioC0D0:    inputs:
[    3.438116] snd_hda_codec_realtek hdaudioC0D0:      Mic=0x18
[    3.438116] snd_hda_codec_realtek hdaudioC0D0:      Internal Mic=0x12
[    3.438117] snd_hda_codec_realtek hdaudioC0D0:      Line=0x1a
[    3.448374] input: HDA Intel PCH Mic as /devices/pci0000:00/0000:00:1f.3/sound/card0/input15
[    3.448420] input: HDA Intel PCH Line as /devices/pci0000:00/0000:00:1f.3/sound/card0/input16
[    3.448453] input: HDA Intel PCH Line Out as /devices/pci0000:00/0000:00:1f.3/sound/card0/input17
[    3.499420] iwlwifi 0000:06:00.0: base HW address: e4:a7:a0:f0:fe:d8
[    3.512068] nouveau 0000:01:00.0: bios: version 86.04.2a.00.2d
[    3.516291] nouveau 0000:01:00.0: bios: M0203E type 08
[    3.516325] nouveau 0000:01:00.0: fb: 8192 MiB of unknown memory type
[    3.546959] raid6: sse2x1   gen() 10613 MB/s
[    3.560485] [TTM] Zone  kernel: Available graphics memory: 32964102 kiB
[    3.560486] [TTM] Zone   dma32: Available graphics memory: 2097152 kiB
[    3.560487] [TTM] Initializing pool allocator
[    3.560489] [TTM] Initializing DMA pool allocator
[    3.560501] nouveau 0000:01:00.0: DRM: VRAM: 8192 MiB
[    3.560502] nouveau 0000:01:00.0: DRM: GART: 536870912 MiB
[    3.560503] nouveau 0000:01:00.0: DRM: BIT table 'A' not found
[    3.560504] nouveau 0000:01:00.0: DRM: BIT table 'L' not found
[    3.560504] nouveau 0000:01:00.0: DRM: TMDS table version 2.0
[    3.560505] nouveau 0000:01:00.0: DRM: DCB version 4.1
[    3.560506] nouveau 0000:01:00.0: DRM: DCB outp 00: 02833f76 04600020
[    3.560507] nouveau 0000:01:00.0: DRM: DCB outp 01: 02022f62 00020010
[    3.560507] nouveau 0000:01:00.0: DRM: DCB outp 02: 04844f86 04600010
[    3.560508] nouveau 0000:01:00.0: DRM: DCB outp 03: 04844f82 00020010
[    3.560508] nouveau 0000:01:00.0: DRM: DCB outp 04: 04855f96 04600020
[    3.560509] nouveau 0000:01:00.0: DRM: DCB outp 05: 04855f92 00020020
[    3.560510] nouveau 0000:01:00.0: DRM: DCB conn 02: 00010261
[    3.560510] nouveau 0000:01:00.0: DRM: DCB conn 03: 08020347
[    3.560511] nouveau 0000:01:00.0: DRM: DCB conn 04: 01000446
[    3.560511] nouveau 0000:01:00.0: DRM: DCB conn 05: 02000546
[    3.575874] ieee80211 phy0: Selected rate control algorithm 'iwl-mvm-rs'
[    3.576036] thermal thermal_zone1: failed to read out thermal zone (-61)
[    3.614955] raid6: sse2x1   xor()  8505 MB/s
[    3.682981] raid6: sse2x2   gen() 15574 MB/s
[    3.750957] raid6: sse2x2   xor()  9434 MB/s
[    3.818981] raid6: sse2x4   gen() 17784 MB/s
[    3.873617] nouveau 0000:01:00.0: i2c: aux 0007: begin idle timeout 01109000
[    3.886956] raid6: sse2x4   xor() 12486 MB/s
[    3.954979] raid6: avx2x1   gen() 25180 MB/s
[    3.994738] [drm] Supports vblank timestamp caching Rev 2 (21.10.2013).
[    3.994739] [drm] Driver supports precise vblank timestamp query.
[    3.995252] nouveau 0000:01:00.0: DRM: MM: using COPY for buffer copies
[    4.022956] raid6: avx2x1   xor() 16062 MB/s
[    4.090991] raid6: avx2x2   gen() 33360 MB/s
[    4.158986] raid6: avx2x2   xor() 21860 MB/s
[    4.226986] raid6: avx2x4   gen() 40310 MB/s
[    4.294986] raid6: avx2x4   xor() 23995 MB/s
[    4.294987] raid6: using algorithm avx2x4 gen() 40310 MB/s
[    4.294987] raid6: .... xor() 23995 MB/s, rmw enabled
[    4.294987] raid6: using avx2x2 recovery algorithm
[    4.295979] xor: automatically using best checksumming function   avx       
[    4.309714] Btrfs loaded, crc32c=crc32c-intel
[    4.309954] BTRFS: device label fedora_localhost-live devid 1 transid 1465 /dev/nvme0n1p3
[    4.385126] nouveau 0000:01:00.0: DRM: allocated 3840x2160 fb: 0x200000, bo 000000009e1d70ac
[    4.385226] fbcon: nouveaufb (fb0) is primary device
[    4.459964] EXT4-fs (sda2): mounted filesystem with ordered data mode. Opts: (null)
[    4.488249] intel_rapl: Found RAPL domain package
[    4.488250] intel_rapl: Found RAPL domain core
[    4.488251] intel_rapl: Found RAPL domain dram
[    4.541875] audit: type=1400 audit(1670798975.376:2): apparmor="STATUS" operation="profile_load" profile="unconfined" name="/usr/sbin/ippusbxd" pid=857 comm="apparmor_parser"
[    4.547454] nouveau 0000:01:00.0: disp: 0x0000638c[0]: INIT_GENERIC_CONDITON: unknown 0x07
[    4.550912] nouveau 0000:01:00.0: disp: outp 00:0006:0f82: link rate unsupported by sink
[    4.613389] audit: type=1400 audit(1670798975.448:3): apparmor="STATUS" operation="profile_load" profile="unconfined" name="/usr/sbin/cups-browsed" pid=855 comm="apparmor_parser"
[    4.708137] audit: type=1400 audit(1670798975.544:4): apparmor="STATUS" operation="profile_load" profile="unconfined" name="/usr/sbin/tcpdump" pid=876 comm="apparmor_parser"
[    4.734552] audit: type=1400 audit(1670798975.568:5): apparmor="STATUS" operation="profile_load" profile="unconfined" name="/sbin/dhclient" pid=863 comm="apparmor_parser"
[    4.734813] audit: type=1400 audit(1670798975.568:6): apparmor="STATUS" operation="profile_load" profile="unconfined" name="/usr/lib/NetworkManager/nm-dhcp-client.action" pid=863 comm="apparmor_parser"
[    4.735069] audit: type=1400 audit(1670798975.572:7): apparmor="STATUS" operation="profile_load" profile="unconfined" name="/usr/lib/NetworkManager/nm-dhcp-helper" pid=863 comm="apparmor_parser"
[    4.735256] audit: type=1400 audit(1670798975.572:8): apparmor="STATUS" operation="profile_load" profile="unconfined" name="/usr/lib/connman/scripts/dhclient-script" pid=863 comm="apparmor_parser"
[    4.750047] audit: type=1400 audit(1670798975.584:9): apparmor="STATUS" operation="profile_load" profile="unconfined" name="/usr/bin/man" pid=864 comm="apparmor_parser"
[    4.750221] audit: type=1400 audit(1670798975.584:10): apparmor="STATUS" operation="profile_load" profile="unconfined" name="man_filter" pid=864 comm="apparmor_parser"
[    4.849882] iwlwifi 0000:06:00.0 wlp6s0: renamed from wlan0
[    4.855218] Console: switching to colour frame buffer device 480x135
[    4.988393] nouveau 0000:01:00.0: fb0: nouveaufb frame buffer device
[    5.039225] [drm] Initialized nouveau 1.3.1 20120801 for 0000:01:00.0 on minor 0
[    5.039254] nouveau 0000:02:00.0: enabling device (0000 -> 0003)
[    5.039488] nouveau 0000:02:00.0: NVIDIA GP104 (134000a1)
[    5.115060] input: HDA NVidia HDMI/DP,pcm=3 as /devices/pci0000:00/0000:00:01.0/0000:01:00.1/sound/card1/input18
[    5.115103] nouveau 0000:02:00.0: bios: version 86.04.2a.00.2d
[    5.115112] input: HDA NVidia HDMI/DP,pcm=7 as /devices/pci0000:00/0000:00:01.0/0000:01:00.1/sound/card1/input19
[    5.115168] input: HDA NVidia HDMI/DP,pcm=8 as /devices/pci0000:00/0000:00:01.0/0000:01:00.1/sound/card1/input20
[    5.137766] nouveau 0000:02:00.0: bios: M0203E type 08
[    5.137814] nouveau 0000:02:00.0: fb: 8192 MiB of unknown memory type
[    5.180802] nouveau 0000:02:00.0: DRM: VRAM: 8192 MiB
[    5.180804] nouveau 0000:02:00.0: DRM: GART: 536870912 MiB
[    5.180805] nouveau 0000:02:00.0: DRM: BIT table 'A' not found
[    5.180807] nouveau 0000:02:00.0: DRM: BIT table 'L' not found
[    5.180808] nouveau 0000:02:00.0: DRM: TMDS table version 2.0
[    5.180809] nouveau 0000:02:00.0: DRM: DCB version 4.1
[    5.180810] nouveau 0000:02:00.0: DRM: DCB outp 00: 02833f76 04600020
[    5.180812] nouveau 0000:02:00.0: DRM: DCB outp 01: 02022f62 00020010
[    5.180813] nouveau 0000:02:00.0: DRM: DCB outp 02: 04844f86 04600010
[    5.180814] nouveau 0000:02:00.0: DRM: DCB outp 03: 04844f82 00020010
[    5.180815] nouveau 0000:02:00.0: DRM: DCB outp 04: 04855f96 04600020
[    5.180816] nouveau 0000:02:00.0: DRM: DCB outp 05: 04855f92 00020020
[    5.180817] nouveau 0000:02:00.0: DRM: DCB conn 02: 00010261
[    5.180818] nouveau 0000:02:00.0: DRM: DCB conn 03: 08020347
[    5.180820] nouveau 0000:02:00.0: DRM: DCB conn 04: 01000446
[    5.180820] nouveau 0000:02:00.0: DRM: DCB conn 05: 02000546
[    5.619931] [drm] Supports vblank timestamp caching Rev 2 (21.10.2013).
[    5.619932] [drm] Driver supports precise vblank timestamp query.
[    5.620339] nouveau 0000:02:00.0: DRM: MM: using COPY for buffer copies
[    5.620477] [drm] Initialized nouveau 1.3.1 20120801 for 0000:02:00.0 on minor 1
[    6.171554] kauditd_printk_skb: 6 callbacks suppressed
[    6.171555] audit: type=1400 audit(1670798977.008:17): apparmor="STATUS" operation="profile_load" profile="unconfined" name="/usr/bin/evince" pid=860 comm="apparmor_parser"
[    6.171816] audit: type=1400 audit(1670798977.008:18): apparmor="STATUS" operation="profile_load" profile="unconfined" name="/usr/bin/evince//sanitized_helper" pid=860 comm="apparmor_parser"
[    6.172440] audit: type=1400 audit(1670798977.008:19): apparmor="STATUS" operation="profile_load" profile="unconfined" name="/usr/bin/evince-previewer" pid=860 comm="apparmor_parser"
[    6.172582] audit: type=1400 audit(1670798977.008:20): apparmor="STATUS" operation="profile_load" profile="unconfined" name="/usr/bin/evince-previewer//sanitized_helper" pid=860 comm="apparmor_parser"
[    6.172933] audit: type=1400 audit(1670798977.008:21): apparmor="STATUS" operation="profile_load" profile="unconfined" name="/usr/bin/evince-thumbnailer" pid=860 comm="apparmor_parser"
[    6.178884] audit: type=1400 audit(1670798977.012:22): apparmor="STATUS" operation="profile_load" profile="unconfined" name="snap.code.url-handler" pid=1066 comm="apparmor_parser"
[    6.188246] audit: type=1400 audit(1670798977.024:23): apparmor="STATUS" operation="profile_load" profile="unconfined" name="snap.code.code" pid=1080 comm="apparmor_parser"
[    6.265048] audit: type=1400 audit(1670798977.100:24): apparmor="STATUS" operation="profile_load" profile="unconfined" name="snap.core.hook.configure" pid=1074 comm="apparmor_parser"
[    6.305548] audit: type=1400 audit(1670798977.140:25): apparmor="STATUS" operation="profile_load" profile="unconfined" name="snap.gnome-calculator.hook.configure" pid=1077 comm="apparmor_parser"
[    6.322254] audit: type=1400 audit(1670798977.156:26): apparmor="STATUS" operation="profile_load" profile="unconfined" name="snap.gnome-characters.hook.configure" pid=1079 comm="apparmor_parser"
[    8.579814] Bluetooth: BNEP (Ethernet Emulation) ver 1.3
[    8.579815] Bluetooth: BNEP filters: protocol multicast
[    8.579817] Bluetooth: BNEP socket layer initialized
[    8.849728] IPv6: ADDRCONF(NETDEV_UP): enp4s0: link is not ready
[    8.852686] IPv6: ADDRCONF(NETDEV_UP): enp4s0: link is not ready
[    8.857343] IPv6: ADDRCONF(NETDEV_UP): enp5s0: link is not ready
[    8.860569] IPv6: ADDRCONF(NETDEV_UP): enp5s0: link is not ready
[    8.864191] IPv6: ADDRCONF(NETDEV_UP): wlp6s0: link is not ready
[    9.104744] IPv6: ADDRCONF(NETDEV_UP): wlp6s0: link is not ready
[    9.239427] IPv6: ADDRCONF(NETDEV_UP): wlp6s0: link is not ready
[    9.454033] ------------[ cut here ]------------
[    9.454034] nouveau 0000:02:00.0: timeout
[    9.454074] WARNING: CPU: 3 PID: 1527 at drivers/gpu/drm/nouveau/nvkm/subdev/secboot/ls_ucode_msgqueue.c:183 acr_ls_sec2_post_run+0x1bb/0x270 [nouveau]
[    9.454075] Modules linked in: overlay cmac bnep joydev snd_hda_codec_hdmi intel_rapl x86_pkg_temp_thermal intel_powerclamp nls_iso8859_1 coretemp kvm_intel kvm irqbypass btrfs zstd_compress libcrc32c xor arc4 crct10dif_pclmul crc32_pclmul ghash_clmulni_intel raid6_pq snd_seq_dummy snd_seq_oss snd_hda_codec_realtek snd_hda_codec_generic iwlmvm snd_hda_intel snd_seq_midi snd_seq_midi_event nouveau aesni_intel snd_hda_codec mac80211 aes_x86_64 snd_hda_core crypto_simd snd_hwdep cryptd glue_helper snd_rawmidi ttm snd_pcm btusb intel_cstate binfmt_misc btrtl iwlwifi btbcm drm_kms_helper btintel intel_rapl_perf uvcvideo snd_seq drm videobuf2_vmalloc bluetooth videobuf2_memops drm_panel_orientation_quirks videobuf2_v4l2 cfbfillrect cfbimgblt videobuf2_common snd_seq_device cfbcopyarea i2c_algo_bit snd_timer videodev input_leds fb_sys_fops syscopyarea intel_wmi_thunderbolt sysfillrect cfg80211 mxm_wmi wmi_bmof media ecdh_generic serio_raw sysimgblt snd fb fbdev mei_me soundcore mei mac_hid
[    9.454090]  acpi_pad sch_fq_codel parport_pc ppdev lp parport ip_tables x_tables autofs4 nvme psmouse i2c_core sdhci_pci cqhci nvme_core sdhci ahci alx mdio libahci wmi video
[    9.454097] CPU: 3 PID: 1527 Comm: gnome-shell Not tainted 4.20.17-042017-generic #201903190933
[    9.454097] Hardware name: Notebook                         P870DM2_DM3                     /P870DM2_DM3                     , BIOS 5.11 09/23/2016
[    9.454119] RIP: 0010:acr_ls_sec2_post_run+0x1bb/0x270 [nouveau]
[    9.454120] Code: ff ff 48 8b 45 c8 48 8b 78 10 48 8b 5f 50 48 85 db 74 1e e8 87 e9 66 ed 48 89 da 48 c7 c7 bb 04 b1 c0 48 89 c6 e8 57 64 08 ed <0f> 0b e9 f8 fe ff ff 48 8b 5f 10 eb dc 41 8b 44 24 20 48 c7 c6 70
[    9.454121] RSP: 0018:ffffa25a079dba18 EFLAGS: 00010286
[    9.454121] RAX: 0000000000000000 RBX: ffff952677615770 RCX: 0000000000000006
[    9.454122] RDX: 0000000000000007 RSI: 0000000000000096 RDI: ffff95267ead6440
[    9.454122] RBP: ffffa25a079dba58 R08: 0000000000000001 R09: 0000000000000435
[    9.454123] R10: 0000000000000004 R11: 0000000000000000 R12: ffff9526700f2780
[    9.454123] R13: 0000000000000040 R14: ffff9526778cd7e0 R15: 0000000233a840a0
[    9.454124] FS:  00007fb4334e7ac0(0000) GS:ffff95267eac0000(0000) knlGS:0000000000000000
[    9.454124] CS:  0010 DS: 0000 ES: 0000 CR0: 0000000080050033
[    9.454125] CR2: 00007fb3fc533000 CR3: 000000104a724003 CR4: 00000000003606e0
[    9.454125] DR0: 0000000000000000 DR1: 0000000000000000 DR2: 0000000000000000
[    9.454126] DR3: 0000000000000000 DR6: 00000000fffe0ff0 DR7: 0000000000000400
[    9.454126] Call Trace:
[    9.454148]  acr_r352_bootstrap+0x1a9/0x2b0 [nouveau]
[    9.454168]  acr_r352_reset+0x39/0x230 [nouveau]
[    9.454188]  nvkm_secboot_reset+0x35/0x70 [nouveau]
[    9.454210]  gf100_gr_init_ctxctl_ext+0x65/0x800 [nouveau]
[    9.454232]  gf100_gr_init_ctxctl+0x27/0x2b0 [nouveau]
[    9.454252]  gf100_gr_init+0x563/0x590 [nouveau]
[    9.454273]  gf100_gr_init_+0x5b/0x60 [nouveau]
[    9.454293]  nvkm_gr_init+0x1d/0x20 [nouveau]
[    9.454307]  nvkm_engine_init+0xb9/0x1f0 [nouveau]
[    9.454321]  nvkm_subdev_init+0xbc/0x210 [nouveau]
[    9.454335]  nvkm_engine_ref.part.0+0x4a/0x70 [nouveau]
[    9.454349]  nvkm_engine_ref+0x13/0x20 [nouveau]
[    9.454362]  nvkm_ioctl_new+0x129/0x220 [nouveau]
[    9.454384]  ? nvkm_fifo_chan_child_del+0xa0/0xa0 [nouveau]
[    9.454404]  ? gf100_gr_dtor+0xd0/0xd0 [nouveau]
[    9.454418]  nvkm_ioctl+0xe2/0x180 [nouveau]
[    9.454439]  nvkm_client_ioctl+0x12/0x20 [nouveau]
[    9.454452]  nvif_client_ioctl+0x2c/0x30 [nouveau]
[    9.454472]  usif_ioctl+0x6ad/0x710 [nouveau]
[    9.454492]  nouveau_drm_ioctl+0xb2/0xc0 [nouveau]
[    9.454494]  do_vfs_ioctl+0xa9/0x640
[    9.454495]  ? handle_mm_fault+0xe1/0x210
[    9.454496]  ksys_ioctl+0x67/0x90
[    9.454497]  __x64_sys_ioctl+0x1a/0x20
[    9.454499]  do_syscall_64+0x5a/0x110
[    9.454500]  entry_SYSCALL_64_after_hwframe+0x44/0xa9
[    9.454501] RIP: 0033:0x7fb4305a0217
[    9.454502] Code: b3 66 90 48 8b 05 71 4c 2d 00 64 c7 00 26 00 00 00 48 c7 c0 ff ff ff ff c3 66 2e 0f 1f 84 00 00 00 00 00 b8 10 00 00 00 0f 05 <48> 3d 01 f0 ff ff 73 01 c3 48 8b 0d 41 4c 2d 00 f7 d8 64 89 01 48
[    9.454502] RSP: 002b:00007ffe22d9ee68 EFLAGS: 00000246 ORIG_RAX: 0000000000000010
[    9.454503] RAX: ffffffffffffffda RBX: 0000000000000038 RCX: 00007fb4305a0217
[    9.454503] RDX: 00005562a967ec20 RSI: 00000000c0386447 RDI: 0000000000000015
[    9.454504] RBP: 00005562a967ec20 R08: 00005562a9684030 R09: 00005562a9675520
[    9.454504] R10: 00005562a9687480 R11: 0000000000000246 R12: 00000000c0386447
[    9.454505] R13: 0000000000000015 R14: 00005562a967ec58 R15: 0000000000000000
[    9.454506] ---[ end trace 2a3c8bcd417f4479 ]---
[   11.483243] nouveau 0000:02:00.0: secboot: error during falcon reset: -110
[   11.483247] nouveau 0000:02:00.0: gr: init failed, -110
[   12.657038] wlp6s0: authenticate with e0:b2:60:5d:75:16
[   12.663011] wlp6s0: send auth to e0:b2:60:5d:75:16 (try 1/3)
[   12.668405] wlp6s0: authenticated
[   12.675118] wlp6s0: associate with e0:b2:60:5d:75:16 (try 1/3)
[   12.676559] wlp6s0: RX AssocResp from e0:b2:60:5d:75:16 (capab=0x401 status=0 aid=2)
[   12.679554] wlp6s0: associated
[   12.680441] IPv6: ADDRCONF(NETDEV_CHANGE): wlp6s0: link becomes ready
[   14.287266] pci 0000:08:00.0: [8086:1578] type 01 class 0x060400
[   14.287326] pci 0000:08:00.0: enabling Extended Tags
[   14.287394] pci 0000:08:00.0: supports D1 D2
[   14.287394] pci 0000:08:00.0: PME# supported from D0 D1 D2 D3hot D3cold
[   14.287596] pci 0000:09:00.0: [8086:1578] type 01 class 0x060400
[   14.287660] pci 0000:09:00.0: enabling Extended Tags
[   14.287727] pci 0000:09:00.0: supports D1 D2
[   14.287728] pci 0000:09:00.0: PME# supported from D0 D1 D2 D3hot D3cold
[   14.287820] pci 0000:09:01.0: [8086:1578] type 01 class 0x060400
[   14.287885] pci 0000:09:01.0: enabling Extended Tags
[   14.287957] pci 0000:09:01.0: supports D1 D2
[   14.287958] pci 0000:09:01.0: PME# supported from D0 D1 D2 D3hot D3cold
[   14.288059] pci 0000:09:02.0: [8086:1578] type 01 class 0x060400
[   14.288126] pci 0000:09:02.0: enabling Extended Tags
[   14.288196] pci 0000:09:02.0: supports D1 D2
[   14.288197] pci 0000:09:02.0: PME# supported from D0 D1 D2 D3hot D3cold
[   14.288280] pci 0000:09:04.0: [8086:1578] type 01 class 0x060400
[   14.288343] pci 0000:09:04.0: enabling Extended Tags
[   14.288407] pci 0000:09:04.0: supports D1 D2
[   14.288408] pci 0000:09:04.0: PME# supported from D0 D1 D2 D3hot D3cold
[   14.288508] pci 0000:08:00.0: PCI bridge to [bus 09-72]
[   14.288516] pci 0000:08:00.0:   bridge window [mem 0xac000000-0xda0fffff]
[   14.288520] pci 0000:08:00.0:   bridge window [mem 0x2fb0000000-0x2ff9ffffff 64bit pref]
[   14.288576] pci 0000:0a:00.0: [8086:1577] type 00 class 0x088000
[   14.288612] pci 0000:0a:00.0: reg 0x10: [mem 0xda000000-0xda03ffff]
[   14.288625] pci 0000:0a:00.0: reg 0x14: [mem 0xda040000-0xda040fff]
[   14.288697] pci 0000:0a:00.0: enabling Extended Tags
[   14.288778] pci 0000:0a:00.0: supports D1 D2
[   14.288778] pci 0000:0a:00.0: PME# supported from D0 D1 D2 D3hot D3cold
[   14.288911] pci 0000:09:00.0: PCI bridge to [bus 0a]
[   14.288918] pci 0000:09:00.0:   bridge window [mem 0xda000000-0xda0fffff]
[   14.288964] pci 0000:09:01.0: PCI bridge to [bus 0b-3d]
[   14.288971] pci 0000:09:01.0:   bridge window [mem 0xac000000-0xc3efffff]
[   14.288976] pci 0000:09:01.0:   bridge window [mem 0x2fb0000000-0x2fcfffffff 64bit pref]
[   14.289029] pci 0000:3e:00.0: [8086:15b6] type 00 class 0x0c0330
[   14.289066] pci 0000:3e:00.0: reg 0x10: [mem 0xc3f00000-0xc3f0ffff]
[   14.289240] pci 0000:3e:00.0: supports D1 D2
[   14.289240] pci 0000:3e:00.0: PME# supported from D0 D1 D2 D3hot D3cold
[   14.289298] pci 0000:3e:00.0: 8.000 Gb/s available PCIe bandwidth, limited by 2.5 GT/s x4 link at 0000:09:02.0 (capable of 31.504 Gb/s with 8 GT/s x4 link)
[   14.289393] pci 0000:09:02.0: PCI bridge to [bus 3e]
[   14.289400] pci 0000:09:02.0:   bridge window [mem 0xc3f00000-0xc3ffffff]
[   14.289449] pci 0000:09:04.0: PCI bridge to [bus 3f-72]
[   14.289456] pci 0000:09:04.0:   bridge window [mem 0xc4000000-0xd9ffffff]
[   14.289461] pci 0000:09:04.0:   bridge window [mem 0x2fd0000000-0x2ff9ffffff 64bit pref]
[   14.289497] pci_bus 0000:09: Allocating resources
[   14.289530] pci 0000:09:01.0: bridge window [io  0x1000-0x0fff] to [bus 0b-3d] add_size 1000
[   14.289540] pci 0000:09:02.0: bridge window [io  0x1000-0x0fff] to [bus 3e] add_size 1000
[   14.289542] pci 0000:09:02.0: bridge window [mem 0x00100000-0x000fffff 64bit pref] to [bus 3e] add_size 200000 add_align 100000
[   14.289552] pci 0000:09:04.0: bridge window [io  0x1000-0x0fff] to [bus 3f-72] add_size 1000
[   14.289562] pci 0000:08:00.0: bridge window [io  0x1000-0x0fff] to [bus 09-72] add_size 4000
[   14.289565] pci 0000:08:00.0: BAR 13: no space for [io  size 0x4000]
[   14.289565] pci 0000:08:00.0: BAR 13: failed to assign [io  size 0x4000]
[   14.289567] pci 0000:08:00.0: BAR 13: no space for [io  size 0x4000]
[   14.289568] pci 0000:08:00.0: BAR 13: failed to assign [io  size 0x4000]
[   14.289572] pci 0000:09:02.0: BAR 15: no space for [mem size 0x00200000 64bit pref]
[   14.289573] pci 0000:09:02.0: BAR 15: failed to assign [mem size 0x00200000 64bit pref]
[   14.289574] pci 0000:09:01.0: BAR 13: no space for [io  size 0x1000]
[   14.289575] pci 0000:09:01.0: BAR 13: failed to assign [io  size 0x1000]
[   14.289576] pci 0000:09:02.0: BAR 13: no space for [io  size 0x1000]
[   14.289577] pci 0000:09:02.0: BAR 13: failed to assign [io  size 0x1000]
[   14.289577] pci 0000:09:04.0: BAR 13: no space for [io  size 0x1000]
[   14.289578] pci 0000:09:04.0: BAR 13: failed to assign [io  size 0x1000]
[   14.289579] pci 0000:09:04.0: BAR 13: no space for [io  size 0x1000]
[   14.289580] pci 0000:09:04.0: BAR 13: failed to assign [io  size 0x1000]
[   14.289582] pci 0000:09:02.0: BAR 15: no space for [mem size 0x00200000 64bit pref]
[   14.289583] pci 0000:09:02.0: BAR 15: failed to assign [mem size 0x00200000 64bit pref]
[   14.289584] pci 0000:09:02.0: BAR 13: no space for [io  size 0x1000]
[   14.289584] pci 0000:09:02.0: BAR 13: failed to assign [io  size 0x1000]
[   14.289585] pci 0000:09:01.0: BAR 13: no space for [io  size 0x1000]
[   14.289585] pci 0000:09:01.0: BAR 13: failed to assign [io  size 0x1000]
[   14.289586] pci 0000:09:00.0: PCI bridge to [bus 0a]
[   14.289593] pci 0000:09:00.0:   bridge window [mem 0xda000000-0xda0fffff]
[   14.289606] pci 0000:09:01.0: PCI bridge to [bus 0b-3d]
[   14.289612] pci 0000:09:01.0:   bridge window [mem 0xac000000-0xc3efffff]
[   14.289617] pci 0000:09:01.0:   bridge window [mem 0x2fb0000000-0x2fcfffffff 64bit pref]
[   14.289625] pci 0000:09:02.0: PCI bridge to [bus 3e]
[   14.289632] pci 0000:09:02.0:   bridge window [mem 0xc3f00000-0xc3ffffff]
[   14.289644] pci 0000:09:04.0: PCI bridge to [bus 3f-72]
[   14.289651] pci 0000:09:04.0:   bridge window [mem 0xc4000000-0xd9ffffff]
[   14.289656] pci 0000:09:04.0:   bridge window [mem 0x2fd0000000-0x2ff9ffffff 64bit pref]
[   14.289666] pci 0000:08:00.0: PCI bridge to [bus 09-72]
[   14.289673] pci 0000:08:00.0:   bridge window [mem 0xac000000-0xda0fffff]
[   14.289677] pci 0000:08:00.0:   bridge window [mem 0x2fb0000000-0x2ff9ffffff 64bit pref]
[   14.290478] xhci_hcd 0000:3e:00.0: xHCI Host Controller
[   14.290482] xhci_hcd 0000:3e:00.0: new USB bus registered, assigned bus number 3
[   14.291587] xhci_hcd 0000:3e:00.0: hcc params 0x200077c1 hci version 0x110 quirks 0x0000000200009810
[   14.291798] usb usb3: New USB device found, idVendor=1d6b, idProduct=0002, bcdDevice= 4.20
[   14.291799] usb usb3: New USB device strings: Mfr=3, Product=2, SerialNumber=1
[   14.291800] usb usb3: Product: xHCI Host Controller
[   14.291801] usb usb3: Manufacturer: Linux 4.20.17-042017-generic xhci-hcd
[   14.291802] usb usb3: SerialNumber: 0000:3e:00.0
[   14.291909] hub 3-0:1.0: USB hub found
[   14.291917] hub 3-0:1.0: 2 ports detected
[   14.292091] xhci_hcd 0000:3e:00.0: xHCI Host Controller
[   14.292094] xhci_hcd 0000:3e:00.0: new USB bus registered, assigned bus number 4
[   14.292097] xhci_hcd 0000:3e:00.0: Host supports USB 3.1 Enhanced SuperSpeed
[   14.292127] usb usb4: New USB device found, idVendor=1d6b, idProduct=0003, bcdDevice= 4.20
[   14.292128] usb usb4: New USB device strings: Mfr=3, Product=2, SerialNumber=1
[   14.292129] usb usb4: Product: xHCI Host Controller
[   14.292130] usb usb4: Manufacturer: Linux 4.20.17-042017-generic xhci-hcd
[   14.292131] usb usb4: SerialNumber: 0000:3e:00.0
[   14.292203] hub 4-0:1.0: USB hub found
[   14.292214] hub 4-0:1.0: 2 ports detected
[   14.961566] kauditd_printk_skb: 58 callbacks suppressed
[   14.961567] audit: type=1400 audit(1670798985.796:85): apparmor="STATUS" operation="profile_load" profile="unconfined" name="docker-default" pid=2315 comm="apparmor_parser"
[   15.044214] bridge: filtering via arp/ip/ip6tables is no longer available by default. Update your scripts to load br_netfilter if you need this.
[   15.045172] Bridge firewalling registered
[   15.048340] bpfilter: Loaded bpfilter_umh pid 2327
[   15.083565] Initializing XFRM netlink socket
[   15.110541] IPv6: ADDRCONF(NETDEV_UP): docker0: link is not ready
[   22.598840] nouveau 0000:02:00.0: gr: FECS falcon already acquired by gr!
[   22.598843] nouveau 0000:02:00.0: gr: init failed, -16
[   25.388523] Bluetooth: RFCOMM TTY layer initialized
[   25.388527] Bluetooth: RFCOMM socket layer initialized
[   25.388532] Bluetooth: RFCOMM ver 1.11
[   26.037261] rfkill: input handler disabled
[   34.703328] xhci_hcd 0000:3e:00.0: Refused to change power state, currently in D3
[   34.779104] xhci_hcd 0000:3e:00.0: Refused to change power state, currently in D3
[   34.779121] xhci_hcd 0000:3e:00.0: WARN: xHC restore state timeout
[   34.779122] xhci_hcd 0000:3e:00.0: PCI post-resume error -110!
[   34.779124] xhci_hcd 0000:3e:00.0: HC died; cleaning up
[   34.779139] xhci_hcd 0000:3e:00.0: remove, state 4
[   34.779143] usb usb4: USB disconnect, device number 1
[   34.779302] xhci_hcd 0000:3e:00.0: USB bus 4 deregistered
[   34.779306] xhci_hcd 0000:3e:00.0: remove, state 4
[   34.779308] usb usb3: USB disconnect, device number 1
[   34.779437] xhci_hcd 0000:3e:00.0: Host halt failed, -19
[   34.779439] xhci_hcd 0000:3e:00.0: Host not accessible, reset failed.
[   34.779489] xhci_hcd 0000:3e:00.0: USB bus 3 deregistered
[   35.319413] pci_bus 0000:09: Allocating resources
[   35.319447] pcieport 0000:09:01.0: bridge window [io  0x1000-0x0fff] to [bus 0b-3d] add_size 1000
[   35.319458] pcieport 0000:09:02.0: bridge window [io  0x1000-0x0fff] to [bus 3e] add_size 1000
[   35.319460] pcieport 0000:09:02.0: bridge window [mem 0x00100000-0x000fffff 64bit pref] to [bus 3e] add_size 200000 add_align 100000
[   35.319471] pcieport 0000:09:04.0: bridge window [io  0x1000-0x0fff] to [bus 3f-72] add_size 1000
[   35.319481] pcieport 0000:08:00.0: bridge window [io  0x1000-0x0fff] to [bus 09-72] add_size 4000
[   35.319484] pcieport 0000:08:00.0: BAR 13: no space for [io  size 0x4000]
[   35.319485] pcieport 0000:08:00.0: BAR 13: failed to assign [io  size 0x4000]
[   35.319487] pcieport 0000:08:00.0: BAR 13: no space for [io  size 0x4000]
[   35.319487] pcieport 0000:08:00.0: BAR 13: failed to assign [io  size 0x4000]
[   35.319492] pcieport 0000:09:02.0: BAR 15: no space for [mem size 0x00200000 64bit pref]
[   35.319493] pcieport 0000:09:02.0: BAR 15: failed to assign [mem size 0x00200000 64bit pref]
[   35.319494] pcieport 0000:09:01.0: BAR 13: no space for [io  size 0x1000]
[   35.319495] pcieport 0000:09:01.0: BAR 13: failed to assign [io  size 0x1000]
[   35.319496] pcieport 0000:09:02.0: BAR 13: no space for [io  size 0x1000]
[   35.319496] pcieport 0000:09:02.0: BAR 13: failed to assign [io  size 0x1000]
[   35.319498] pcieport 0000:09:04.0: BAR 13: no space for [io  size 0x1000]
[   35.319499] pcieport 0000:09:04.0: BAR 13: failed to assign [io  size 0x1000]
[   35.319500] pcieport 0000:09:04.0: BAR 13: no space for [io  size 0x1000]
[   35.319501] pcieport 0000:09:04.0: BAR 13: failed to assign [io  size 0x1000]
[   35.319503] pcieport 0000:09:02.0: BAR 15: no space for [mem size 0x00200000 64bit pref]
[   35.319504] pcieport 0000:09:02.0: BAR 15: failed to assign [mem size 0x00200000 64bit pref]
[   35.319505] pcieport 0000:09:02.0: BAR 13: no space for [io  size 0x1000]
[   35.319505] pcieport 0000:09:02.0: BAR 13: failed to assign [io  size 0x1000]
[   35.319506] pcieport 0000:09:01.0: BAR 13: no space for [io  size 0x1000]
[   35.319507] pcieport 0000:09:01.0: BAR 13: failed to assign [io  size 0x1000]
[   39.795803] pcieport 0000:09:00.0: Refused to change power state, currently in D3
[   39.796877] pci_bus 0000:0a: busn_res: [bus 0a] is released
[   39.796939] pci_bus 0000:0b: busn_res: [bus 0b-3d] is released
[   39.796990] pci_bus 0000:3e: busn_res: [bus 3e] is released
[   39.797059] pci_bus 0000:3f: busn_res: [bus 3f-72] is released
[   39.797107] pci_bus 0000:09: busn_res: [bus 09-72] is released
[   87.551963] pci 0000:08:00.0: [8086:1578] type 01 class 0x060400
[   87.552034] pci 0000:08:00.0: enabling Extended Tags
[   87.552109] pci 0000:08:00.0: supports D1 D2
[   87.552110] pci 0000:08:00.0: PME# supported from D0 D1 D2 D3hot D3cold
[   87.552317] pci 0000:09:00.0: [8086:1578] type 01 class 0x060400
[   87.552391] pci 0000:09:00.0: enabling Extended Tags
[   87.552464] pci 0000:09:00.0: supports D1 D2
[   87.552465] pci 0000:09:00.0: PME# supported from D0 D1 D2 D3hot D3cold
[   87.552556] pci 0000:09:01.0: [8086:1578] type 01 class 0x060400
[   87.552629] pci 0000:09:01.0: enabling Extended Tags
[   87.552707] pci 0000:09:01.0: supports D1 D2
[   87.552708] pci 0000:09:01.0: PME# supported from D0 D1 D2 D3hot D3cold
[   87.552820] pci 0000:09:02.0: [8086:1578] type 01 class 0x060400
[   87.552901] pci 0000:09:02.0: enabling Extended Tags
[   87.552982] pci 0000:09:02.0: supports D1 D2
[   87.552984] pci 0000:09:02.0: PME# supported from D0 D1 D2 D3hot D3cold
[   87.553098] pci 0000:09:04.0: [8086:1578] type 01 class 0x060400
[   87.553177] pci 0000:09:04.0: enabling Extended Tags
[   87.553258] pci 0000:09:04.0: supports D1 D2
[   87.553259] pci 0000:09:04.0: PME# supported from D0 D1 D2 D3hot D3cold
[   87.553392] pci 0000:08:00.0: PCI bridge to [bus 09-72]
[   87.553402] pci 0000:08:00.0:   bridge window [mem 0xac000000-0xda0fffff]
[   87.553408] pci 0000:08:00.0:   bridge window [mem 0x2fb0000000-0x2ff9ffffff 64bit pref]
[   87.553484] pci 0000:0a:00.0: [8086:1577] type 00 class 0x088000
[   87.553527] pci 0000:0a:00.0: reg 0x10: [mem 0xda000000-0xda03ffff]
[   87.553545] pci 0000:0a:00.0: reg 0x14: [mem 0xda040000-0xda040fff]
[   87.553638] pci 0000:0a:00.0: enabling Extended Tags
[   87.553738] pci 0000:0a:00.0: supports D1 D2
[   87.553740] pci 0000:0a:00.0: PME# supported from D0 D1 D2 D3hot D3cold
[   87.553918] pci 0000:09:00.0: PCI bridge to [bus 0a]
[   87.553930] pci 0000:09:00.0:   bridge window [mem 0xda000000-0xda0fffff]
[   87.553995] pci 0000:09:01.0: PCI bridge to [bus 0b-3d]
[   87.554003] pci 0000:09:01.0:   bridge window [mem 0xac000000-0xc3efffff]
[   87.554010] pci 0000:09:01.0:   bridge window [mem 0x2fb0000000-0x2fcfffffff 64bit pref]
[   87.554082] pci 0000:3e:00.0: [8086:15b6] type 00 class 0x0c0330
[   87.554129] pci 0000:3e:00.0: reg 0x10: [mem 0xc3f00000-0xc3f0ffff]
[   87.554333] pci 0000:3e:00.0: supports D1 D2
[   87.554335] pci 0000:3e:00.0: PME# supported from D0 D1 D2 D3hot D3cold
[   87.554399] pci 0000:3e:00.0: 8.000 Gb/s available PCIe bandwidth, limited by 2.5 GT/s x4 link at 0000:09:02.0 (capable of 31.504 Gb/s with 8 GT/s x4 link)
[   87.554512] pci 0000:09:02.0: PCI bridge to [bus 3e]
[   87.554520] pci 0000:09:02.0:   bridge window [mem 0xc3f00000-0xc3ffffff]
[   87.554571] pci 0000:09:04.0: PCI bridge to [bus 3f-72]
[   87.554579] pci 0000:09:04.0:   bridge window [mem 0xc4000000-0xd9ffffff]
[   87.554584] pci 0000:09:04.0:   bridge window [mem 0x2fd0000000-0x2ff9ffffff 64bit pref]
[   87.554627] pci_bus 0000:09: Allocating resources
[   87.554665] pci 0000:09:01.0: bridge window [io  0x1000-0x0fff] to [bus 0b-3d] add_size 1000
[   87.554676] pci 0000:09:02.0: bridge window [io  0x1000-0x0fff] to [bus 3e] add_size 1000
[   87.554677] pci 0000:09:02.0: bridge window [mem 0x00100000-0x000fffff 64bit pref] to [bus 3e] add_size 200000 add_align 100000
[   87.554688] pci 0000:09:04.0: bridge window [io  0x1000-0x0fff] to [bus 3f-72] add_size 1000
[   87.554699] pci 0000:08:00.0: bridge window [io  0x1000-0x0fff] to [bus 09-72] add_size 4000
[   87.554702] pci 0000:08:00.0: BAR 13: no space for [io  size 0x4000]
[   87.554704] pci 0000:08:00.0: BAR 13: failed to assign [io  size 0x4000]
[   87.554705] pci 0000:08:00.0: BAR 13: no space for [io  size 0x4000]
[   87.554706] pci 0000:08:00.0: BAR 13: failed to assign [io  size 0x4000]
[   87.554712] pci 0000:09:02.0: BAR 15: no space for [mem size 0x00200000 64bit pref]
[   87.554714] pci 0000:09:02.0: BAR 15: failed to assign [mem size 0x00200000 64bit pref]
[   87.554715] pci 0000:09:01.0: BAR 13: no space for [io  size 0x1000]
[   87.554716] pci 0000:09:01.0: BAR 13: failed to assign [io  size 0x1000]
[   87.554718] pci 0000:09:02.0: BAR 13: no space for [io  size 0x1000]
[   87.554719] pci 0000:09:02.0: BAR 13: failed to assign [io  size 0x1000]
[   87.554720] pci 0000:09:04.0: BAR 13: no space for [io  size 0x1000]
[   87.554725] pci 0000:09:04.0: BAR 13: failed to assign [io  size 0x1000]
[   87.554727] pci 0000:09:04.0: BAR 13: no space for [io  size 0x1000]
[   87.554728] pci 0000:09:04.0: BAR 13: failed to assign [io  size 0x1000]
[   87.554731] pci 0000:09:02.0: BAR 15: no space for [mem size 0x00200000 64bit pref]
[   87.554732] pci 0000:09:02.0: BAR 15: failed to assign [mem size 0x00200000 64bit pref]
[   87.554733] pci 0000:09:02.0: BAR 13: no space for [io  size 0x1000]
[   87.554734] pci 0000:09:02.0: BAR 13: failed to assign [io  size 0x1000]
[   87.554736] pci 0000:09:01.0: BAR 13: no space for [io  size 0x1000]
[   87.554737] pci 0000:09:01.0: BAR 13: failed to assign [io  size 0x1000]
[   87.554739] pci 0000:09:00.0: PCI bridge to [bus 0a]
[   87.554749] pci 0000:09:00.0:   bridge window [mem 0xda000000-0xda0fffff]
[   87.554767] pci 0000:09:01.0: PCI bridge to [bus 0b-3d]
[   87.554776] pci 0000:09:01.0:   bridge window [mem 0xac000000-0xc3efffff]
[   87.554783] pci 0000:09:01.0:   bridge window [mem 0x2fb0000000-0x2fcfffffff 64bit pref]
[   87.554795] pci 0000:09:02.0: PCI bridge to [bus 3e]
[   87.554804] pci 0000:09:02.0:   bridge window [mem 0xc3f00000-0xc3ffffff]
[   87.554822] pci 0000:09:04.0: PCI bridge to [bus 3f-72]
[   87.554832] pci 0000:09:04.0:   bridge window [mem 0xc4000000-0xd9ffffff]
[   87.554839] pci 0000:09:04.0:   bridge window [mem 0x2fd0000000-0x2ff9ffffff 64bit pref]
[   87.554850] pci 0000:08:00.0: PCI bridge to [bus 09-72]
[   87.554859] pci 0000:08:00.0:   bridge window [mem 0xac000000-0xda0fffff]
